[getbootstrapadmin.com/remark/base/tables/datatable.html]
[backblue.gif]
[fade.gif]
[index.html]
[getbootstrapadmin.com/remark/base/assets/images/apple-touch-icon.png]
[getbootstrapadmin.com/remark/global/css/bootstrap.min599c.css]
[getbootstrapadmin.com/remark/global/css/bootstrap-extend.min599c.css]
[getbootstrapadmin.com/remark/global/css/skintools.min599c.css]
[getbootstrapadmin.com/remark/base/assets/css/site.min599c.css]
[getbootstrapadmin.com/remark/base/assets/js/Plugin/skintools.min599c.js]
[getbootstrapadmin.com/remark/global/vendor/animsition/animsition.min599c.css]
[getbootstrapadmin.com/remark/global/vendor/asscrollable/asScrollable.min599c.css]
[getbootstrapadmin.com/remark/global/vendor/switchery/switchery.min599c.css]
[getbootstrapadmin.com/remark/global/vendor/intro-js/introjs.min599c.css]
[getbootstrapadmin.com/remark/global/vendor/slidepanel/slidePanel.min599c.css]
[getbootstrapadmin.com/remark/global/vendor/flag-icon-css/flag-icon.min599c.css]
[getbootstrapadmin.com/remark/global/vendor/datatables.net-bs4/dataTables.bootstrap4.min599c.css]
[getbootstrapadmin.com/remark/global/vendor/datatables.net-fixedheader-bs4/dataTables.fixedheader.bootstrap4.min599c.css]
[getbootstrapadmin.com/remark/global/vendor/datatables.net-fixedcolumns-bs4/dataTables.fixedcolumns.bootstrap4.min599c.css]
[getbootstrapadmin.com/remark/global/vendor/datatables.net-rowgroup-bs4/dataTables.rowgroup.bootstrap4.min599c.css]
[getbootstrapadmin.com/remark/global/vendor/datatables.net-scroller-bs4/dataTables.scroller.bootstrap4.min599c.css]
[getbootstrapadmin.com/remark/global/vendor/datatables.net-select-bs4/dataTables.select.bootstrap4.min599c.css]
[getbootstrapadmin.com/remark/global/vendor/datatables.net-responsive-bs4/dataTables.responsive.bootstrap4.min599c.css]
[getbootstrapadmin.com/remark/global/vendor/datatables.net-buttons-bs4/dataTables.buttons.bootstrap4.min599c.css]
[getbootstrapadmin.com/remark/base/assets/examples/css/tables/datatable.min599c.css]
[getbootstrapadmin.com/remark/global/fonts/web-icons/web-icons.min599c.css]
[getbootstrapadmin.com/remark/global/fonts/brand-icons/brand-icons.min599c.css]
[getbootstrapadmin.com/remark/global/fonts/font-awesome/font-awesome.min599c.css]
[getbootstrapadmin.com/remark/global/vendor/breakpoints/breakpoints.min599c.js]
[getbootstrapadmin.com/remark/base/assets/images/logo.png]
[getbootstrapadmin.com/remark/global/photos/view-1-150x100.jpg]
[getbootstrapadmin.com/remark/global/photos/view-2-150x100.jpg]
[getbootstrapadmin.com/remark/global/photos/view-3-150x100.jpg]
[getbootstrapadmin.com/remark/global/photos/view-4-150x100.jpg]
[getbootstrapadmin.com/remark/global/photos/view-5-150x100.jpg]
[getbootstrapadmin.com/remark/global/photos/view-6-150x100.jpg]
[getbootstrapadmin.com/remark/global/portraits/5.jpg]
[getbootstrapadmin.com/remark/global/portraits/2.jpg]
[getbootstrapadmin.com/remark/global/portraits/3.jpg]
[getbootstrapadmin.com/remark/global/portraits/4.jpg]
[getbootstrapadmin.com/remark/base/tables/basic.html]
[getbootstrapadmin.com/remark/base/tables/bootstrap.html]
[getbootstrapadmin.com/remark/base/tables/floatthead.html]
[getbootstrapadmin.com/remark/base/tables/responsive.html]
[getbootstrapadmin.com/remark/base/tables/editable.html]
[getbootstrapadmin.com/remark/base/tables/jsgrid.html]
[getbootstrapadmin.com/remark/base/tables/footable.html]
[getbootstrapadmin.com/remark/base/tables/jqtabledit.html]
[getbootstrapadmin.com/remark/base/tables/table-dragger.html]
[getbootstrapadmin.com/remark/global/vendor/babel-external-helpers/babel-external-helpers599c.js]
[getbootstrapadmin.com/remark/global/vendor/jquery/jquery.min599c.js]
[getbootstrapadmin.com/remark/global/vendor/popper-js/umd/popper.min599c.js]
[getbootstrapadmin.com/remark/global/vendor/bootstrap/bootstrap.min599c.js]
[getbootstrapadmin.com/remark/global/vendor/animsition/animsition.min599c.js]
[getbootstrapadmin.com/remark/global/vendor/mousewheel/jquery.mousewheel599c.js]
[getbootstrapadmin.com/remark/global/vendor/asscrollbar/jquery-asScrollbar.min599c.js]
[getbootstrapadmin.com/remark/global/vendor/ashoverscroll/jquery-asHoverScroll.min599c.js]
[getbootstrapadmin.com/remark/global/vendor/asscrollable/jquery-asScrollable.min599c.js]
[getbootstrapadmin.com/remark/global/vendor/switchery/switchery.min599c.js]
[getbootstrapadmin.com/remark/global/vendor/intro-js/intro.min599c.js]
[getbootstrapadmin.com/remark/global/vendor/screenfull/screenfull599c.js]
[getbootstrapadmin.com/remark/global/vendor/slidepanel/jquery-slidePanel.min599c.js]
[getbootstrapadmin.com/remark/global/vendor/datatables.net-bs4/dataTables.bootstrap4599c.js]
[getbootstrapadmin.com/remark/global/vendor/datatables.net-fixedheader/dataTables.fixedHeader.min599c.js]
[getbootstrapadmin.com/remark/global/vendor/datatables.net/jquery.dataTables599c.js]
[getbootstrapadmin.com/remark/global/vendor/datatables.net-fixedcolumns/dataTables.fixedColumns.min599c.js]
[getbootstrapadmin.com/remark/global/vendor/datatables.net-rowgroup/dataTables.rowGroup.min599c.js]
[getbootstrapadmin.com/remark/global/vendor/datatables.net-scroller/dataTables.scroller.min599c.js]
[getbootstrapadmin.com/remark/global/vendor/datatables.net-responsive/dataTables.responsive.min599c.js]
[getbootstrapadmin.com/remark/global/vendor/datatables.net-responsive-bs4/responsive.bootstrap4.min599c.js]
[getbootstrapadmin.com/remark/global/vendor/datatables.net-buttons/dataTables.buttons.min599c.js]
[getbootstrapadmin.com/remark/global/vendor/datatables.net-buttons/buttons.html5.min599c.js]
[getbootstrapadmin.com/remark/global/vendor/datatables.net-buttons/buttons.flash.min599c.js]
[getbootstrapadmin.com/remark/global/vendor/datatables.net-buttons/buttons.print.min599c.js]
[getbootstrapadmin.com/remark/global/vendor/datatables.net-buttons/buttons.colVis.min599c.js]
[getbootstrapadmin.com/remark/global/vendor/datatables.net-buttons-bs4/buttons.bootstrap4.min599c.js]
[getbootstrapadmin.com/remark/global/vendor/asrange/jquery-asRange.min599c.js]
[getbootstrapadmin.com/remark/global/vendor/bootbox/bootbox.min599c.js]
[getbootstrapadmin.com/remark/global/js/Component.min599c.js]
[getbootstrapadmin.com/remark/global/js/Plugin.min599c.js]
[getbootstrapadmin.com/remark/global/js/Base.min599c.js]
[getbootstrapadmin.com/remark/global/js/Config.min599c.js]
[getbootstrapadmin.com/remark/base/assets/js/Section/Menubar.min599c.js]
[getbootstrapadmin.com/remark/base/assets/js/Section/GridMenu.min599c.js]
[getbootstrapadmin.com/remark/base/assets/js/Section/Sidebar.min599c.js]
[getbootstrapadmin.com/remark/base/assets/js/Section/PageAside.min599c.js]
[getbootstrapadmin.com/remark/base/assets/js/Plugin/menu.min599c.js]
[getbootstrapadmin.com/remark/global/js/config/colors.min599c.js]
[getbootstrapadmin.com/remark/base/assets/js/config/tour.min599c.js]
[getbootstrapadmin.com/remark/global/js/Plugin/asscrollable.min599c.js]
[getbootstrapadmin.com/remark/base/assets/js/Site.min599c.js]
[getbootstrapadmin.com/remark/global/js/Plugin/slidepanel.min599c.js]
[getbootstrapadmin.com/remark/global/js/Plugin/switchery.min599c.js]
[getbootstrapadmin.com/remark/global/js/Plugin/datatables.min599c.js]
[getbootstrapadmin.com/remark/base/assets/examples/js/tables/datatable.min599c.js]
[www.google-analytics.com/analytics.js]
[getbootstrapadmin.com/remark/base/tables/datatable.html]
[getbootstrapadmin.com/remark/global/css/bootstrap.min599c.css]
[getbootstrapadmin.com/remark/global/css/bootstrap-extend.min599c.css]
[getbootstrapadmin.com/remark/base/assets/css/site.min599c.css]
[getbootstrapadmin.com/remark/global/css/skintools.min599c.css]
[getbootstrapadmin.com/remark/global/vendor/animsition/animsition.min599c.css]
[getbootstrapadmin.com/remark/global/vendor/asscrollable/asScrollable.min599c.css]
[getbootstrapadmin.com/remark/global/vendor/switchery/switchery.min599c.css]
[getbootstrapadmin.com/remark/global/vendor/intro-js/introjs.min599c.css]
[getbootstrapadmin.com/remark/global/vendor/slidepanel/slidePanel.min599c.css]
[getbootstrapadmin.com/remark/global/vendor/flag-icon-css/flags/4x3/ad.svg]
[getbootstrapadmin.com/remark/global/vendor/flag-icon-css/flags/4x3/ae.svg]
[getbootstrapadmin.com/remark/global/vendor/flag-icon-css/flags/1x1/ad.svg]
[getbootstrapadmin.com/remark/global/vendor/flag-icon-css/flags/1x1/ae.svg]
[getbootstrapadmin.com/remark/global/vendor/flag-icon-css/flags/1x1/af.svg]
[getbootstrapadmin.com/remark/global/vendor/flag-icon-css/flags/4x3/ag.svg]
[getbootstrapadmin.com/remark/global/vendor/flag-icon-css/flags/4x3/af.svg]
[getbootstrapadmin.com/remark/global/vendor/flag-icon-css/flags/1x1/ag.svg]
[getbootstrapadmin.com/remark/global/vendor/flag-icon-css/flags/4x3/ai.svg]
[getbootstrapadmin.com/remark/global/vendor/flag-icon-css/flags/1x1/ai.svg]
[getbootstrapadmin.com/remark/global/vendor/flag-icon-css/flags/4x3/al.svg]
[getbootstrapadmin.com/remark/global/vendor/flag-icon-css/flags/1x1/al.svg]
[getbootstrapadmin.com/remark/global/vendor/flag-icon-css/flags/4x3/am.svg]
[getbootstrapadmin.com/remark/global/vendor/flag-icon-css/flags/1x1/am.svg]
[getbootstrapadmin.com/remark/global/vendor/flag-icon-css/flags/4x3/ao.svg]
[getbootstrapadmin.com/remark/global/vendor/flag-icon-css/flags/1x1/ao.svg]
[getbootstrapadmin.com/remark/global/vendor/flag-icon-css/flags/4x3/aq.svg]
[getbootstrapadmin.com/remark/global/vendor/flag-icon-css/flags/1x1/aq.svg]
[getbootstrapadmin.com/remark/global/vendor/flag-icon-css/flags/4x3/ar.svg]
[getbootstrapadmin.com/remark/global/vendor/flag-icon-css/flags/1x1/ar.svg]
[getbootstrapadmin.com/remark/global/vendor/flag-icon-css/flags/4x3/as.svg]
[getbootstrapadmin.com/remark/global/vendor/flag-icon-css/flags/1x1/as.svg]
[getbootstrapadmin.com/remark/global/vendor/flag-icon-css/flags/4x3/at.svg]
[getbootstrapadmin.com/remark/global/vendor/flag-icon-css/flags/1x1/at.svg]
[getbootstrapadmin.com/remark/global/vendor/flag-icon-css/flags/4x3/au.svg]
[getbootstrapadmin.com/remark/global/vendor/flag-icon-css/flags/1x1/au.svg]
[getbootstrapadmin.com/remark/global/vendor/flag-icon-css/flags/4x3/aw.svg]
[getbootstrapadmin.com/remark/global/vendor/flag-icon-css/flags/1x1/aw.svg]
[getbootstrapadmin.com/remark/global/vendor/flag-icon-css/flags/4x3/ax.svg]
[getbootstrapadmin.com/remark/global/vendor/flag-icon-css/flags/1x1/ax.svg]
[getbootstrapadmin.com/remark/global/vendor/flag-icon-css/flags/4x3/az.svg]
[getbootstrapadmin.com/remark/global/vendor/flag-icon-css/flags/1x1/az.svg]
[getbootstrapadmin.com/remark/global/vendor/flag-icon-css/flags/4x3/ba.svg]
[getbootstrapadmin.com/remark/global/vendor/flag-icon-css/flags/1x1/ba.svg]
[getbootstrapadmin.com/remark/global/vendor/flag-icon-css/flags/4x3/bb.svg]
[getbootstrapadmin.com/remark/global/vendor/flag-icon-css/flags/1x1/bb.svg]
[getbootstrapadmin.com/remark/global/vendor/flag-icon-css/flags/4x3/bd.svg]
[getbootstrapadmin.com/remark/global/vendor/flag-icon-css/flags/1x1/bd.svg]
[getbootstrapadmin.com/remark/global/vendor/flag-icon-css/flags/4x3/be.svg]
[getbootstrapadmin.com/remark/global/vendor/flag-icon-css/flags/1x1/be.svg]
[getbootstrapadmin.com/remark/global/vendor/flag-icon-css/flags/4x3/bf.svg]
[getbootstrapadmin.com/remark/global/vendor/flag-icon-css/flags/1x1/bf.svg]
[getbootstrapadmin.com/remark/global/vendor/flag-icon-css/flags/4x3/bg.svg]
[getbootstrapadmin.com/remark/global/vendor/flag-icon-css/flags/1x1/bg.svg]
[getbootstrapadmin.com/remark/global/vendor/flag-icon-css/flags/4x3/bh.svg]
[getbootstrapadmin.com/remark/global/vendor/flag-icon-css/flags/1x1/bh.svg]
[getbootstrapadmin.com/remark/global/vendor/flag-icon-css/flags/1x1/bi.svg]
[getbootstrapadmin.com/remark/global/vendor/flag-icon-css/flags/4x3/bi.svg]
[getbootstrapadmin.com/remark/global/vendor/flag-icon-css/flags/4x3/bj.svg]
[getbootstrapadmin.com/remark/global/vendor/flag-icon-css/flags/1x1/bj.svg]
[getbootstrapadmin.com/remark/global/vendor/flag-icon-css/flags/4x3/bl.svg]
[getbootstrapadmin.com/remark/global/vendor/flag-icon-css/flags/1x1/bl.svg]
[getbootstrapadmin.com/remark/global/vendor/flag-icon-css/flags/4x3/bm.svg]
[getbootstrapadmin.com/remark/global/vendor/flag-icon-css/flags/1x1/bm.svg]
[getbootstrapadmin.com/remark/global/vendor/flag-icon-css/flags/4x3/bn.svg]
[getbootstrapadmin.com/remark/global/vendor/flag-icon-css/flags/1x1/bn.svg]
[getbootstrapadmin.com/remark/global/vendor/flag-icon-css/flags/4x3/bo.svg]
[getbootstrapadmin.com/remark/global/vendor/flag-icon-css/flags/4x3/bq.svg]
[getbootstrapadmin.com/remark/global/vendor/flag-icon-css/flags/1x1/bq.svg]
[getbootstrapadmin.com/remark/global/vendor/flag-icon-css/flags/1x1/bo.svg]
[getbootstrapadmin.com/remark/global/vendor/flag-icon-css/flags/4x3/br.svg]
[getbootstrapadmin.com/remark/global/vendor/flag-icon-css/flags/1x1/br.svg]
[getbootstrapadmin.com/remark/global/vendor/flag-icon-css/flags/4x3/bs.svg]
[getbootstrapadmin.com/remark/global/vendor/flag-icon-css/flags/1x1/bs.svg]
[getbootstrapadmin.com/remark/global/vendor/flag-icon-css/flags/4x3/bt.svg]
[getbootstrapadmin.com/remark/global/vendor/flag-icon-css/flags/1x1/bt.svg]
[getbootstrapadmin.com/remark/global/vendor/flag-icon-css/flags/4x3/bv.svg]
[getbootstrapadmin.com/remark/global/vendor/flag-icon-css/flags/1x1/bv.svg]
[getbootstrapadmin.com/remark/global/vendor/flag-icon-css/flags/4x3/bw.svg]
[getbootstrapadmin.com/remark/global/vendor/flag-icon-css/flags/1x1/bw.svg]
[getbootstrapadmin.com/remark/global/vendor/flag-icon-css/flags/4x3/by.svg]
[getbootstrapadmin.com/remark/global/vendor/flag-icon-css/flags/1x1/by.svg]
[getbootstrapadmin.com/remark/global/vendor/flag-icon-css/flags/4x3/bz.svg]
[getbootstrapadmin.com/remark/global/vendor/flag-icon-css/flags/1x1/bz.svg]
[getbootstrapadmin.com/remark/global/vendor/flag-icon-css/flags/4x3/ca.svg]
[getbootstrapadmin.com/remark/global/vendor/flag-icon-css/flags/1x1/ca.svg]
[getbootstrapadmin.com/remark/global/vendor/flag-icon-css/flags/4x3/cc.svg]
[getbootstrapadmin.com/remark/global/vendor/flag-icon-css/flags/1x1/cc.svg]
[getbootstrapadmin.com/remark/global/vendor/flag-icon-css/flags/4x3/cd.svg]
[getbootstrapadmin.com/remark/global/vendor/flag-icon-css/flags/1x1/cd.svg]
[getbootstrapadmin.com/remark/global/vendor/flag-icon-css/flags/4x3/cf.svg]
[getbootstrapadmin.com/remark/global/vendor/flag-icon-css/flags/1x1/cf.svg]
[getbootstrapadmin.com/remark/global/vendor/flag-icon-css/flags/4x3/cg.svg]
[getbootstrapadmin.com/remark/global/vendor/flag-icon-css/flags/1x1/cg.svg]
[getbootstrapadmin.com/remark/global/vendor/flag-icon-css/flags/4x3/ch.svg]
[getbootstrapadmin.com/remark/global/vendor/flag-icon-css/flags/1x1/ch.svg]
[getbootstrapadmin.com/remark/global/vendor/flag-icon-css/flags/4x3/ci.svg]
[getbootstrapadmin.com/remark/global/vendor/flag-icon-css/flags/1x1/ci.svg]
[getbootstrapadmin.com/remark/global/vendor/flag-icon-css/flags/4x3/ck.svg]
[getbootstrapadmin.com/remark/global/vendor/flag-icon-css/flags/1x1/ck.svg]
[getbootstrapadmin.com/remark/global/vendor/flag-icon-css/flags/4x3/cl.svg]
[getbootstrapadmin.com/remark/global/vendor/flag-icon-css/flags/1x1/cl.svg]
[getbootstrapadmin.com/remark/global/vendor/flag-icon-css/flags/4x3/cm.svg]
[getbootstrapadmin.com/remark/global/vendor/flag-icon-css/flags/1x1/cm.svg]
[getbootstrapadmin.com/remark/global/vendor/flag-icon-css/flags/1x1/cn.svg]
[getbootstrapadmin.com/remark/global/vendor/flag-icon-css/flags/4x3/cn.svg]
[getbootstrapadmin.com/remark/global/vendor/flag-icon-css/flags/4x3/co.svg]
[getbootstrapadmin.com/remark/global/vendor/flag-icon-css/flags/1x1/co.svg]
[getbootstrapadmin.com/remark/global/vendor/flag-icon-css/flags/4x3/cr.svg]
[getbootstrapadmin.com/remark/global/vendor/flag-icon-css/flags/1x1/cr.svg]
[getbootstrapadmin.com/remark/global/vendor/flag-icon-css/flags/4x3/cu.svg]
[getbootstrapadmin.com/remark/global/vendor/flag-icon-css/flags/1x1/cu.svg]
[getbootstrapadmin.com/remark/global/vendor/flag-icon-css/flags/4x3/cv.svg]
[getbootstrapadmin.com/remark/global/vendor/flag-icon-css/flags/1x1/cv.svg]
[getbootstrapadmin.com/remark/global/vendor/flag-icon-css/flags/4x3/cw.svg]
[getbootstrapadmin.com/remark/global/vendor/flag-icon-css/flags/1x1/cw.svg]
[getbootstrapadmin.com/remark/global/vendor/flag-icon-css/flags/4x3/cx.svg]
[getbootstrapadmin.com/remark/global/vendor/flag-icon-css/flags/1x1/cx.svg]
[getbootstrapadmin.com/remark/global/vendor/flag-icon-css/flags/4x3/cy.svg]
[getbootstrapadmin.com/remark/global/vendor/flag-icon-css/flags/1x1/cy.svg]
[getbootstrapadmin.com/remark/global/vendor/flag-icon-css/flags/4x3/cz.svg]
[getbootstrapadmin.com/remark/global/vendor/flag-icon-css/flags/1x1/cz.svg]
[getbootstrapadmin.com/remark/global/vendor/flag-icon-css/flags/1x1/de.svg]
[getbootstrapadmin.com/remark/global/vendor/flag-icon-css/flags/4x3/de.svg]
[getbootstrapadmin.com/remark/global/vendor/flag-icon-css/flags/4x3/dj.svg]
[getbootstrapadmin.com/remark/global/vendor/flag-icon-css/flags/1x1/dj.svg]
[getbootstrapadmin.com/remark/global/vendor/flag-icon-css/flags/4x3/dk.svg]
[getbootstrapadmin.com/remark/global/vendor/flag-icon-css/flags/1x1/dk.svg]
[getbootstrapadmin.com/remark/global/vendor/flag-icon-css/flags/4x3/dm.svg]
[getbootstrapadmin.com/remark/global/vendor/flag-icon-css/flags/1x1/dm.svg]
[getbootstrapadmin.com/remark/global/vendor/flag-icon-css/flags/1x1/do.svg]
[getbootstrapadmin.com/remark/global/vendor/flag-icon-css/flags/4x3/do.svg]
[getbootstrapadmin.com/remark/global/vendor/flag-icon-css/flags/4x3/dz.svg]
[getbootstrapadmin.com/remark/global/vendor/flag-icon-css/flags/1x1/dz.svg]
[getbootstrapadmin.com/remark/global/vendor/flag-icon-css/flags/4x3/ec.svg]
[getbootstrapadmin.com/remark/global/vendor/flag-icon-css/flags/1x1/ec.svg]
[getbootstrapadmin.com/remark/global/vendor/flag-icon-css/flags/4x3/ee.svg]
[getbootstrapadmin.com/remark/global/vendor/flag-icon-css/flags/1x1/ee.svg]
[getbootstrapadmin.com/remark/global/vendor/flag-icon-css/flags/4x3/eg.svg]
[getbootstrapadmin.com/remark/global/vendor/flag-icon-css/flags/4x3/eh.svg]
[getbootstrapadmin.com/remark/global/vendor/flag-icon-css/flags/1x1/eg.svg]
[getbootstrapadmin.com/remark/global/vendor/flag-icon-css/flags/1x1/eh.svg]
[getbootstrapadmin.com/remark/global/vendor/flag-icon-css/flags/4x3/er.svg]
[getbootstrapadmin.com/remark/global/vendor/flag-icon-css/flags/1x1/er.svg]
[getbootstrapadmin.com/remark/global/vendor/flag-icon-css/flags/4x3/et.svg]
[getbootstrapadmin.com/remark/global/vendor/flag-icon-css/flags/1x1/es.svg]
[getbootstrapadmin.com/remark/global/vendor/flag-icon-css/flags/4x3/es.svg]
[getbootstrapadmin.com/remark/global/vendor/flag-icon-css/flags/1x1/et.svg]
[getbootstrapadmin.com/remark/global/vendor/flag-icon-css/flags/4x3/fi.svg]
[getbootstrapadmin.com/remark/global/vendor/flag-icon-css/flags/1x1/fi.svg]
[getbootstrapadmin.com/remark/global/vendor/flag-icon-css/flags/4x3/fj.svg]
[getbootstrapadmin.com/remark/global/vendor/flag-icon-css/flags/1x1/fj.svg]
[getbootstrapadmin.com/remark/global/vendor/flag-icon-css/flags/4x3/fk.svg]
[getbootstrapadmin.com/remark/global/vendor/flag-icon-css/flags/4x3/fm.svg]
[getbootstrapadmin.com/remark/global/vendor/flag-icon-css/flags/1x1/fk.svg]
[getbootstrapadmin.com/remark/global/vendor/flag-icon-css/flags/1x1/fm.svg]
[getbootstrapadmin.com/remark/global/vendor/flag-icon-css/flags/4x3/fo.svg]
[getbootstrapadmin.com/remark/global/vendor/flag-icon-css/flags/4x3/fr.svg]
[getbootstrapadmin.com/remark/global/vendor/flag-icon-css/flags/1x1/fr.svg]
[getbootstrapadmin.com/remark/global/vendor/flag-icon-css/flags/1x1/fo.svg]
[getbootstrapadmin.com/remark/global/vendor/flag-icon-css/flags/4x3/ga.svg]
[getbootstrapadmin.com/remark/global/vendor/flag-icon-css/flags/1x1/ga.svg]
[getbootstrapadmin.com/remark/global/vendor/flag-icon-css/flags/4x3/gb.svg]
[getbootstrapadmin.com/remark/global/vendor/flag-icon-css/flags/1x1/gb.svg]
[getbootstrapadmin.com/remark/global/vendor/flag-icon-css/flags/4x3/gd.svg]
[getbootstrapadmin.com/remark/global/vendor/flag-icon-css/flags/1x1/gd.svg]
[getbootstrapadmin.com/remark/global/vendor/flag-icon-css/flags/4x3/ge.svg]
[getbootstrapadmin.com/remark/global/vendor/flag-icon-css/flags/1x1/ge.svg]
[getbootstrapadmin.com/remark/global/vendor/flag-icon-css/flags/4x3/gf.svg]
[getbootstrapadmin.com/remark/global/vendor/flag-icon-css/flags/1x1/gf.svg]
[getbootstrapadmin.com/remark/global/vendor/flag-icon-css/flags/4x3/gg.svg]
[getbootstrapadmin.com/remark/global/vendor/flag-icon-css/flags/1x1/gg.svg]
[getbootstrapadmin.com/remark/global/vendor/flag-icon-css/flags/4x3/gh.svg]
[getbootstrapadmin.com/remark/global/vendor/flag-icon-css/flags/1x1/gh.svg]
[getbootstrapadmin.com/remark/global/vendor/flag-icon-css/flags/4x3/gi.svg]
[getbootstrapadmin.com/remark/global/vendor/flag-icon-css/flags/1x1/gi.svg]
[getbootstrapadmin.com/remark/global/vendor/flag-icon-css/flags/4x3/gl.svg]
[getbootstrapadmin.com/remark/global/vendor/flag-icon-css/flags/1x1/gl.svg]
[getbootstrapadmin.com/remark/global/vendor/flag-icon-css/flags/4x3/gm.svg]
[getbootstrapadmin.com/remark/global/vendor/flag-icon-css/flags/1x1/gm.svg]
[getbootstrapadmin.com/remark/global/vendor/flag-icon-css/flags/4x3/gn.svg]
[getbootstrapadmin.com/remark/global/vendor/flag-icon-css/flags/1x1/gn.svg]
[getbootstrapadmin.com/remark/global/vendor/flag-icon-css/flags/4x3/gp.svg]
[getbootstrapadmin.com/remark/global/vendor/flag-icon-css/flags/1x1/gp.svg]
[getbootstrapadmin.com/remark/global/vendor/flag-icon-css/flags/4x3/gq.svg]
[getbootstrapadmin.com/remark/global/vendor/flag-icon-css/flags/1x1/gq.svg]
[getbootstrapadmin.com/remark/global/vendor/flag-icon-css/flags/4x3/gr.svg]
[getbootstrapadmin.com/remark/global/vendor/flag-icon-css/flags/1x1/gr.svg]
[getbootstrapadmin.com/remark/global/vendor/flag-icon-css/flags/4x3/gs.svg]
[getbootstrapadmin.com/remark/global/vendor/flag-icon-css/flags/1x1/gs.svg]
[getbootstrapadmin.com/remark/global/vendor/flag-icon-css/flags/4x3/gt.svg]
[getbootstrapadmin.com/remark/global/vendor/flag-icon-css/flags/1x1/gt.svg]
[getbootstrapadmin.com/remark/global/vendor/flag-icon-css/flags/4x3/gu.svg]
[getbootstrapadmin.com/remark/global/vendor/flag-icon-css/flags/1x1/gu.svg]
[getbootstrapadmin.com/remark/global/vendor/flag-icon-css/flags/4x3/gw.svg]
[getbootstrapadmin.com/remark/global/vendor/flag-icon-css/flags/1x1/gw.svg]
[getbootstrapadmin.com/remark/global/vendor/flag-icon-css/flags/4x3/gy.svg]
[getbootstrapadmin.com/remark/global/vendor/flag-icon-css/flags/1x1/gy.svg]
[getbootstrapadmin.com/remark/global/vendor/flag-icon-css/flags/4x3/hk.svg]
[getbootstrapadmin.com/remark/global/vendor/flag-icon-css/flags/1x1/hk.svg]
[getbootstrapadmin.com/remark/global/vendor/flag-icon-css/flags/4x3/hm.svg]
[getbootstrapadmin.com/remark/global/vendor/flag-icon-css/flags/1x1/hm.svg]
[getbootstrapadmin.com/remark/global/vendor/flag-icon-css/flags/4x3/hn.svg]
[getbootstrapadmin.com/remark/global/vendor/flag-icon-css/flags/1x1/hn.svg]
[getbootstrapadmin.com/remark/global/vendor/flag-icon-css/flags/4x3/hr.svg]
[getbootstrapadmin.com/remark/global/vendor/flag-icon-css/flags/1x1/hr.svg]
[getbootstrapadmin.com/remark/global/vendor/flag-icon-css/flags/4x3/ht.svg]
[getbootstrapadmin.com/remark/global/vendor/flag-icon-css/flags/1x1/ht.svg]
[getbootstrapadmin.com/remark/global/vendor/flag-icon-css/flags/4x3/hu.svg]
[getbootstrapadmin.com/remark/global/vendor/flag-icon-css/flags/1x1/hu.svg]
[getbootstrapadmin.com/remark/global/vendor/flag-icon-css/flags/4x3/id.svg]
[getbootstrapadmin.com/remark/global/vendor/flag-icon-css/flags/1x1/id.svg]
[getbootstrapadmin.com/remark/global/vendor/flag-icon-css/flags/4x3/ie.svg]
[getbootstrapadmin.com/remark/global/vendor/flag-icon-css/flags/1x1/ie.svg]
[getbootstrapadmin.com/remark/global/vendor/flag-icon-css/flags/4x3/il.svg]
[getbootstrapadmin.com/remark/global/vendor/flag-icon-css/flags/1x1/il.svg]
[getbootstrapadmin.com/remark/global/vendor/flag-icon-css/flags/4x3/im.svg]
[getbootstrapadmin.com/remark/global/vendor/flag-icon-css/flags/1x1/im.svg]
[getbootstrapadmin.com/remark/global/vendor/flag-icon-css/flags/4x3/in.svg]
[getbootstrapadmin.com/remark/global/vendor/flag-icon-css/flags/1x1/in.svg]
[getbootstrapadmin.com/remark/global/vendor/flag-icon-css/flags/4x3/io.svg]
[getbootstrapadmin.com/remark/global/vendor/flag-icon-css/flags/1x1/io.svg]
[getbootstrapadmin.com/remark/global/vendor/flag-icon-css/flags/4x3/iq.svg]
[getbootstrapadmin.com/remark/global/vendor/flag-icon-css/flags/1x1/iq.svg]
[getbootstrapadmin.com/remark/global/vendor/flag-icon-css/flags/4x3/ir.svg]
[getbootstrapadmin.com/remark/global/vendor/flag-icon-css/flags/1x1/ir.svg]
[getbootstrapadmin.com/remark/global/vendor/flag-icon-css/flags/4x3/is.svg]
[getbootstrapadmin.com/remark/global/vendor/flag-icon-css/flags/1x1/is.svg]
[getbootstrapadmin.com/remark/global/vendor/flag-icon-css/flags/4x3/it.svg]
[getbootstrapadmin.com/remark/global/vendor/flag-icon-css/flags/1x1/it.svg]
[getbootstrapadmin.com/remark/global/vendor/flag-icon-css/flags/4x3/je.svg]
[getbootstrapadmin.com/remark/global/vendor/flag-icon-css/flags/1x1/je.svg]
[getbootstrapadmin.com/remark/global/vendor/flag-icon-css/flags/4x3/jm.svg]
[getbootstrapadmin.com/remark/global/vendor/flag-icon-css/flags/1x1/jm.svg]
[getbootstrapadmin.com/remark/global/vendor/flag-icon-css/flags/4x3/jo.svg]
[getbootstrapadmin.com/remark/global/vendor/flag-icon-css/flags/1x1/jo.svg]
[getbootstrapadmin.com/remark/global/vendor/flag-icon-css/flags/4x3/jp.svg]
[getbootstrapadmin.com/remark/global/vendor/flag-icon-css/flags/1x1/jp.svg]
[getbootstrapadmin.com/remark/global/vendor/flag-icon-css/flags/4x3/ke.svg]
[getbootstrapadmin.com/remark/global/vendor/flag-icon-css/flags/1x1/ke.svg]
[getbootstrapadmin.com/remark/global/vendor/flag-icon-css/flags/4x3/kg.svg]
[getbootstrapadmin.com/remark/global/vendor/flag-icon-css/flags/1x1/kg.svg]
[getbootstrapadmin.com/remark/global/vendor/flag-icon-css/flags/4x3/kh.svg]
[getbootstrapadmin.com/remark/global/vendor/flag-icon-css/flags/1x1/kh.svg]
[getbootstrapadmin.com/remark/global/vendor/flag-icon-css/flags/4x3/ki.svg]
[getbootstrapadmin.com/remark/global/vendor/flag-icon-css/flags/1x1/ki.svg]
[getbootstrapadmin.com/remark/global/vendor/flag-icon-css/flags/4x3/km.svg]
[getbootstrapadmin.com/remark/global/vendor/flag-icon-css/flags/4x3/kn.svg]
[getbootstrapadmin.com/remark/global/vendor/flag-icon-css/flags/1x1/km.svg]
[getbootstrapadmin.com/remark/global/vendor/flag-icon-css/flags/1x1/kn.svg]
[getbootstrapadmin.com/remark/global/vendor/flag-icon-css/flags/4x3/kp.svg]
[getbootstrapadmin.com/remark/global/vendor/flag-icon-css/flags/1x1/kp.svg]
[getbootstrapadmin.com/remark/global/vendor/flag-icon-css/flags/4x3/kr.svg]
[getbootstrapadmin.com/remark/global/vendor/flag-icon-css/flags/1x1/kr.svg]
[getbootstrapadmin.com/remark/global/vendor/flag-icon-css/flags/4x3/kw.svg]
[getbootstrapadmin.com/remark/global/vendor/flag-icon-css/flags/1x1/kw.svg]
[getbootstrapadmin.com/remark/global/vendor/flag-icon-css/flags/4x3/ky.svg]
[getbootstrapadmin.com/remark/global/vendor/flag-icon-css/flags/1x1/ky.svg]
[getbootstrapadmin.com/remark/global/vendor/flag-icon-css/flags/4x3/kz.svg]
[getbootstrapadmin.com/remark/global/vendor/flag-icon-css/flags/1x1/kz.svg]
[getbootstrapadmin.com/remark/global/vendor/flag-icon-css/flags/4x3/la.svg]
[getbootstrapadmin.com/remark/global/vendor/flag-icon-css/flags/1x1/la.svg]
[getbootstrapadmin.com/remark/global/vendor/flag-icon-css/flags/4x3/lb.svg]
[getbootstrapadmin.com/remark/global/vendor/flag-icon-css/flags/4x3/lc.svg]
[getbootstrapadmin.com/remark/global/vendor/flag-icon-css/flags/1x1/lb.svg]
[getbootstrapadmin.com/remark/global/vendor/flag-icon-css/flags/1x1/lc.svg]
[getbootstrapadmin.com/remark/global/vendor/flag-icon-css/flags/4x3/li.svg]
[getbootstrapadmin.com/remark/global/vendor/flag-icon-css/flags/1x1/li.svg]
[getbootstrapadmin.com/remark/global/vendor/flag-icon-css/flags/4x3/lk.svg]
[getbootstrapadmin.com/remark/global/vendor/flag-icon-css/flags/1x1/lk.svg]
[getbootstrapadmin.com/remark/global/vendor/flag-icon-css/flags/4x3/lr.svg]
[getbootstrapadmin.com/remark/global/vendor/flag-icon-css/flags/1x1/lr.svg]
[getbootstrapadmin.com/remark/global/vendor/flag-icon-css/flags/4x3/ls.svg]
[getbootstrapadmin.com/remark/global/vendor/flag-icon-css/flags/1x1/ls.svg]
[getbootstrapadmin.com/remark/global/vendor/flag-icon-css/flags/4x3/lt.svg]
[getbootstrapadmin.com/remark/global/vendor/flag-icon-css/flags/1x1/lt.svg]
[getbootstrapadmin.com/remark/global/vendor/flag-icon-css/flags/4x3/lu.svg]
[getbootstrapadmin.com/remark/global/vendor/flag-icon-css/flags/1x1/lu.svg]
[getbootstrapadmin.com/remark/global/vendor/flag-icon-css/flags/4x3/lv.svg]
[getbootstrapadmin.com/remark/global/vendor/flag-icon-css/flags/1x1/lv.svg]
[getbootstrapadmin.com/remark/global/vendor/flag-icon-css/flags/4x3/ly.svg]
[getbootstrapadmin.com/remark/global/vendor/flag-icon-css/flags/1x1/ly.svg]
[getbootstrapadmin.com/remark/global/vendor/flag-icon-css/flags/4x3/ma.svg]
[getbootstrapadmin.com/remark/global/vendor/flag-icon-css/flags/1x1/ma.svg]
[getbootstrapadmin.com/remark/global/vendor/flag-icon-css/flags/4x3/mc.svg]
[getbootstrapadmin.com/remark/global/vendor/flag-icon-css/flags/1x1/mc.svg]
[getbootstrapadmin.com/remark/global/vendor/flag-icon-css/flags/4x3/md.svg]
[getbootstrapadmin.com/remark/global/vendor/flag-icon-css/flags/1x1/md.svg]
[getbootstrapadmin.com/remark/global/vendor/flag-icon-css/flags/4x3/me.svg]
[getbootstrapadmin.com/remark/global/vendor/flag-icon-css/flags/4x3/mf.svg]
[getbootstrapadmin.com/remark/global/vendor/flag-icon-css/flags/1x1/mf.svg]
[getbootstrapadmin.com/remark/global/vendor/flag-icon-css/flags/4x3/mg.svg]
[getbootstrapadmin.com/remark/global/vendor/flag-icon-css/flags/1x1/mg.svg]
[getbootstrapadmin.com/remark/global/vendor/flag-icon-css/flags/1x1/me.svg]
[getbootstrapadmin.com/remark/global/vendor/flag-icon-css/flags/4x3/mh.svg]
[getbootstrapadmin.com/remark/global/vendor/flag-icon-css/flags/1x1/mh.svg]
[getbootstrapadmin.com/remark/global/vendor/flag-icon-css/flags/4x3/mk.svg]
[getbootstrapadmin.com/remark/global/vendor/flag-icon-css/flags/1x1/mk.svg]
[getbootstrapadmin.com/remark/global/vendor/flag-icon-css/flags/4x3/ml.svg]
[getbootstrapadmin.com/remark/global/vendor/flag-icon-css/flags/1x1/ml.svg]
[getbootstrapadmin.com/remark/global/vendor/flag-icon-css/flags/4x3/mm.svg]
[getbootstrapadmin.com/remark/global/vendor/flag-icon-css/flags/1x1/mm.svg]
[getbootstrapadmin.com/remark/global/vendor/flag-icon-css/flags/4x3/mn.svg]
[getbootstrapadmin.com/remark/global/vendor/flag-icon-css/flags/1x1/mn.svg]
[getbootstrapadmin.com/remark/global/vendor/flag-icon-css/flags/4x3/mo.svg]
[getbootstrapadmin.com/remark/global/vendor/flag-icon-css/flags/1x1/mo.svg]
[getbootstrapadmin.com/remark/global/vendor/flag-icon-css/flags/4x3/mp.svg]
[getbootstrapadmin.com/remark/global/vendor/flag-icon-css/flags/1x1/mp.svg]
[getbootstrapadmin.com/remark/global/vendor/flag-icon-css/flags/4x3/mq.svg]
[getbootstrapadmin.com/remark/global/vendor/flag-icon-css/flags/1x1/mq.svg]
[getbootstrapadmin.com/remark/global/vendor/flag-icon-css/flags/4x3/mr.svg]
[getbootstrapadmin.com/remark/global/vendor/flag-icon-css/flags/1x1/mr.svg]
[getbootstrapadmin.com/remark/global/vendor/flag-icon-css/flags/4x3/ms.svg]
[getbootstrapadmin.com/remark/global/vendor/flag-icon-css/flags/1x1/ms.svg]
[getbootstrapadmin.com/remark/global/vendor/flag-icon-css/flags/4x3/mt.svg]
[getbootstrapadmin.com/remark/global/vendor/flag-icon-css/flags/4x3/mu.svg]
[getbootstrapadmin.com/remark/global/vendor/flag-icon-css/flags/1x1/mt.svg]
[getbootstrapadmin.com/remark/global/vendor/flag-icon-css/flags/1x1/mu.svg]
[getbootstrapadmin.com/remark/global/vendor/flag-icon-css/flags/4x3/mv.svg]
[getbootstrapadmin.com/remark/global/vendor/flag-icon-css/flags/1x1/mv.svg]
[getbootstrapadmin.com/remark/global/vendor/flag-icon-css/flags/4x3/mw.svg]
[getbootstrapadmin.com/remark/global/vendor/flag-icon-css/flags/1x1/mw.svg]
[getbootstrapadmin.com/remark/global/vendor/flag-icon-css/flags/4x3/mx.svg]
[getbootstrapadmin.com/remark/global/vendor/flag-icon-css/flags/4x3/my.svg]
[getbootstrapadmin.com/remark/global/vendor/flag-icon-css/flags/1x1/mx.svg]
[getbootstrapadmin.com/remark/global/vendor/flag-icon-css/flags/1x1/my.svg]
[getbootstrapadmin.com/remark/global/vendor/flag-icon-css/flags/4x3/mz.svg]
[getbootstrapadmin.com/remark/global/vendor/flag-icon-css/flags/1x1/mz.svg]
[getbootstrapadmin.com/remark/global/vendor/flag-icon-css/flags/4x3/na.svg]
[getbootstrapadmin.com/remark/global/vendor/flag-icon-css/flags/1x1/na.svg]
[getbootstrapadmin.com/remark/global/vendor/flag-icon-css/flags/4x3/nc.svg]
[getbootstrapadmin.com/remark/global/vendor/flag-icon-css/flags/1x1/nc.svg]
[getbootstrapadmin.com/remark/global/vendor/flag-icon-css/flags/4x3/ne.svg]
[getbootstrapadmin.com/remark/global/vendor/flag-icon-css/flags/1x1/ne.svg]
[getbootstrapadmin.com/remark/global/vendor/flag-icon-css/flags/4x3/nf.svg]
[getbootstrapadmin.com/remark/global/vendor/flag-icon-css/flags/1x1/nf.svg]
[getbootstrapadmin.com/remark/global/vendor/flag-icon-css/flags/4x3/ng.svg]
[getbootstrapadmin.com/remark/global/vendor/flag-icon-css/flags/1x1/ng.svg]
[getbootstrapadmin.com/remark/global/vendor/flag-icon-css/flags/4x3/ni.svg]
[getbootstrapadmin.com/remark/global/vendor/flag-icon-css/flags/1x1/ni.svg]
[getbootstrapadmin.com/remark/global/vendor/flag-icon-css/flags/4x3/nl.svg]
[getbootstrapadmin.com/remark/global/vendor/flag-icon-css/flags/1x1/nl.svg]
[getbootstrapadmin.com/remark/global/vendor/flag-icon-css/flags/4x3/no.svg]
[getbootstrapadmin.com/remark/global/vendor/flag-icon-css/flags/1x1/no.svg]
[getbootstrapadmin.com/remark/global/vendor/flag-icon-css/flags/4x3/np.svg]
[getbootstrapadmin.com/remark/global/vendor/flag-icon-css/flags/1x1/np.svg]
[getbootstrapadmin.com/remark/global/vendor/flag-icon-css/flags/4x3/nr.svg]
[getbootstrapadmin.com/remark/global/vendor/flag-icon-css/flags/1x1/nr.svg]
[getbootstrapadmin.com/remark/global/vendor/flag-icon-css/flags/4x3/nu.svg]
[getbootstrapadmin.com/remark/global/vendor/flag-icon-css/flags/1x1/nu.svg]
[getbootstrapadmin.com/remark/global/vendor/flag-icon-css/flags/4x3/nz.svg]
[getbootstrapadmin.com/remark/global/vendor/flag-icon-css/flags/1x1/nz.svg]
[getbootstrapadmin.com/remark/global/vendor/flag-icon-css/flags/4x3/om.svg]
[getbootstrapadmin.com/remark/global/vendor/flag-icon-css/flags/1x1/om.svg]
[getbootstrapadmin.com/remark/global/vendor/flag-icon-css/flags/4x3/pa.svg]
[getbootstrapadmin.com/remark/global/vendor/flag-icon-css/flags/1x1/pa.svg]
[getbootstrapadmin.com/remark/global/vendor/flag-icon-css/flags/4x3/pe.svg]
[getbootstrapadmin.com/remark/global/vendor/flag-icon-css/flags/1x1/pe.svg]
[getbootstrapadmin.com/remark/global/vendor/flag-icon-css/flags/4x3/pf.svg]
[getbootstrapadmin.com/remark/global/vendor/flag-icon-css/flags/1x1/pf.svg]
[getbootstrapadmin.com/remark/global/vendor/flag-icon-css/flags/4x3/pg.svg]
[getbootstrapadmin.com/remark/global/vendor/flag-icon-css/flags/1x1/pg.svg]
[getbootstrapadmin.com/remark/global/vendor/flag-icon-css/flags/4x3/ph.svg]
[getbootstrapadmin.com/remark/global/vendor/flag-icon-css/flags/1x1/ph.svg]
[getbootstrapadmin.com/remark/global/vendor/flag-icon-css/flags/4x3/pk.svg]
[getbootstrapadmin.com/remark/global/vendor/flag-icon-css/flags/1x1/pk.svg]
[getbootstrapadmin.com/remark/global/vendor/flag-icon-css/flags/4x3/pl.svg]
[getbootstrapadmin.com/remark/global/vendor/flag-icon-css/flags/1x1/pl.svg]
[getbootstrapadmin.com/remark/global/vendor/flag-icon-css/flags/4x3/pm.svg]
[getbootstrapadmin.com/remark/global/vendor/flag-icon-css/flags/1x1/pm.svg]
[getbootstrapadmin.com/remark/global/vendor/flag-icon-css/flags/4x3/pn.svg]
[getbootstrapadmin.com/remark/global/vendor/flag-icon-css/flags/1x1/pn.svg]
[getbootstrapadmin.com/remark/global/vendor/flag-icon-css/flags/4x3/pr.svg]
[getbootstrapadmin.com/remark/global/vendor/flag-icon-css/flags/1x1/pr.svg]
[getbootstrapadmin.com/remark/global/vendor/flag-icon-css/flags/4x3/ps.svg]
[getbootstrapadmin.com/remark/global/vendor/flag-icon-css/flags/1x1/ps.svg]
[getbootstrapadmin.com/remark/global/vendor/flag-icon-css/flags/4x3/pt.svg]
[getbootstrapadmin.com/remark/global/vendor/flag-icon-css/flags/1x1/pt.svg]
[getbootstrapadmin.com/remark/global/vendor/flag-icon-css/flags/4x3/pw.svg]
[getbootstrapadmin.com/remark/global/vendor/flag-icon-css/flags/1x1/pw.svg]
[getbootstrapadmin.com/remark/global/vendor/flag-icon-css/flags/4x3/py.svg]
[getbootstrapadmin.com/remark/global/vendor/flag-icon-css/flags/4x3/qa.svg]
[getbootstrapadmin.com/remark/global/vendor/flag-icon-css/flags/1x1/py.svg]
[getbootstrapadmin.com/remark/global/vendor/flag-icon-css/flags/1x1/qa.svg]
[getbootstrapadmin.com/remark/global/vendor/flag-icon-css/flags/4x3/re.svg]
[getbootstrapadmin.com/remark/global/vendor/flag-icon-css/flags/1x1/re.svg]
[getbootstrapadmin.com/remark/global/vendor/flag-icon-css/flags/4x3/ro.svg]
[getbootstrapadmin.com/remark/global/vendor/flag-icon-css/flags/1x1/ro.svg]
[getbootstrapadmin.com/remark/global/vendor/flag-icon-css/flags/4x3/ru.svg]
[getbootstrapadmin.com/remark/global/vendor/flag-icon-css/flags/1x1/ru.svg]
[getbootstrapadmin.com/remark/global/vendor/flag-icon-css/flags/4x3/rw.svg]
[getbootstrapadmin.com/remark/global/vendor/flag-icon-css/flags/1x1/rw.svg]
[getbootstrapadmin.com/remark/global/vendor/flag-icon-css/flags/4x3/sa.svg]
[getbootstrapadmin.com/remark/global/vendor/flag-icon-css/flags/4x3/rs.svg]
[getbootstrapadmin.com/remark/global/vendor/flag-icon-css/flags/1x1/sa.svg]
[getbootstrapadmin.com/remark/global/vendor/flag-icon-css/flags/4x3/sb.svg]
[getbootstrapadmin.com/remark/global/vendor/flag-icon-css/flags/1x1/sb.svg]
[getbootstrapadmin.com/remark/global/vendor/flag-icon-css/flags/1x1/rs.svg]
[getbootstrapadmin.com/remark/global/vendor/flag-icon-css/flags/4x3/sc.svg]
[getbootstrapadmin.com/remark/global/vendor/flag-icon-css/flags/1x1/sc.svg]
[getbootstrapadmin.com/remark/global/vendor/flag-icon-css/flags/4x3/sd.svg]
[getbootstrapadmin.com/remark/global/vendor/flag-icon-css/flags/1x1/sd.svg]
[getbootstrapadmin.com/remark/global/vendor/flag-icon-css/flags/4x3/se.svg]
[getbootstrapadmin.com/remark/global/vendor/flag-icon-css/flags/1x1/se.svg]
[getbootstrapadmin.com/remark/global/vendor/flag-icon-css/flags/4x3/sg.svg]
[getbootstrapadmin.com/remark/global/vendor/flag-icon-css/flags/1x1/sg.svg]
[getbootstrapadmin.com/remark/global/vendor/flag-icon-css/flags/4x3/sh.svg]
[getbootstrapadmin.com/remark/global/vendor/flag-icon-css/flags/1x1/sh.svg]
[getbootstrapadmin.com/remark/global/vendor/flag-icon-css/flags/4x3/si.svg]
[getbootstrapadmin.com/remark/global/vendor/flag-icon-css/flags/1x1/si.svg]
[getbootstrapadmin.com/remark/global/vendor/flag-icon-css/flags/4x3/sj.svg]
[getbootstrapadmin.com/remark/global/vendor/flag-icon-css/flags/1x1/sj.svg]
[getbootstrapadmin.com/remark/global/vendor/flag-icon-css/flags/4x3/sk.svg]
[getbootstrapadmin.com/remark/global/vendor/flag-icon-css/flags/1x1/sk.svg]
[getbootstrapadmin.com/remark/global/vendor/flag-icon-css/flags/4x3/sl.svg]
[getbootstrapadmin.com/remark/global/vendor/flag-icon-css/flags/1x1/sl.svg]
[getbootstrapadmin.com/remark/global/vendor/flag-icon-css/flags/4x3/sm.svg]
[getbootstrapadmin.com/remark/global/vendor/flag-icon-css/flags/1x1/sm.svg]
[getbootstrapadmin.com/remark/global/vendor/flag-icon-css/flags/4x3/sn.svg]
[getbootstrapadmin.com/remark/global/vendor/flag-icon-css/flags/1x1/sn.svg]
[getbootstrapadmin.com/remark/global/vendor/flag-icon-css/flags/1x1/so.svg]
[getbootstrapadmin.com/remark/global/vendor/flag-icon-css/flags/4x3/so.svg]
[getbootstrapadmin.com/remark/global/vendor/flag-icon-css/flags/4x3/sr.svg]
[getbootstrapadmin.com/remark/global/vendor/flag-icon-css/flags/1x1/sr.svg]
[getbootstrapadmin.com/remark/global/vendor/flag-icon-css/flags/4x3/ss.svg]
[getbootstrapadmin.com/remark/global/vendor/flag-icon-css/flags/1x1/ss.svg]
[getbootstrapadmin.com/remark/global/vendor/flag-icon-css/flags/4x3/st.svg]
[getbootstrapadmin.com/remark/global/vendor/flag-icon-css/flags/1x1/st.svg]
[getbootstrapadmin.com/remark/global/vendor/flag-icon-css/flags/4x3/sv.svg]
[getbootstrapadmin.com/remark/global/vendor/flag-icon-css/flags/4x3/sx.svg]
[getbootstrapadmin.com/remark/global/vendor/flag-icon-css/flags/1x1/sv.svg]
[getbootstrapadmin.com/remark/global/vendor/flag-icon-css/flags/1x1/sx.svg]
[getbootstrapadmin.com/remark/global/vendor/flag-icon-css/flags/4x3/sy.svg]
[getbootstrapadmin.com/remark/global/vendor/flag-icon-css/flags/1x1/sy.svg]
[getbootstrapadmin.com/remark/global/vendor/flag-icon-css/flags/4x3/sz.svg]
[getbootstrapadmin.com/remark/global/vendor/flag-icon-css/flags/1x1/sz.svg]
[getbootstrapadmin.com/remark/global/vendor/flag-icon-css/flags/4x3/tc.svg]
[getbootstrapadmin.com/remark/global/vendor/flag-icon-css/flags/1x1/tc.svg]
[getbootstrapadmin.com/remark/global/vendor/flag-icon-css/flags/4x3/td.svg]
[getbootstrapadmin.com/remark/global/vendor/flag-icon-css/flags/1x1/td.svg]
[getbootstrapadmin.com/remark/global/vendor/flag-icon-css/flags/4x3/tf.svg]
[getbootstrapadmin.com/remark/global/vendor/flag-icon-css/flags/1x1/tf.svg]
[getbootstrapadmin.com/remark/global/vendor/flag-icon-css/flags/4x3/tg.svg]
[getbootstrapadmin.com/remark/global/vendor/flag-icon-css/flags/1x1/tg.svg]
[getbootstrapadmin.com/remark/global/vendor/flag-icon-css/flags/4x3/th.svg]
[getbootstrapadmin.com/remark/global/vendor/flag-icon-css/flags/1x1/th.svg]
[getbootstrapadmin.com/remark/global/vendor/flag-icon-css/flags/4x3/tj.svg]
[getbootstrapadmin.com/remark/global/vendor/flag-icon-css/flags/1x1/tj.svg]
[getbootstrapadmin.com/remark/global/vendor/flag-icon-css/flags/4x3/tk.svg]
[getbootstrapadmin.com/remark/global/vendor/flag-icon-css/flags/1x1/tk.svg]
[getbootstrapadmin.com/remark/global/vendor/flag-icon-css/flags/4x3/tl.svg]
[getbootstrapadmin.com/remark/global/vendor/flag-icon-css/flags/1x1/tl.svg]
[getbootstrapadmin.com/remark/global/vendor/flag-icon-css/flags/4x3/tm.svg]
[getbootstrapadmin.com/remark/global/vendor/flag-icon-css/flags/1x1/tm.svg]
[getbootstrapadmin.com/remark/global/vendor/flag-icon-css/flags/4x3/tn.svg]
[getbootstrapadmin.com/remark/global/vendor/flag-icon-css/flags/1x1/tn.svg]
[getbootstrapadmin.com/remark/global/vendor/flag-icon-css/flags/4x3/to.svg]
[getbootstrapadmin.com/remark/global/vendor/flag-icon-css/flags/1x1/to.svg]
[getbootstrapadmin.com/remark/global/vendor/flag-icon-css/flags/4x3/tr.svg]
[getbootstrapadmin.com/remark/global/vendor/flag-icon-css/flags/1x1/tr.svg]
[getbootstrapadmin.com/remark/global/vendor/flag-icon-css/flags/4x3/tt.svg]
[getbootstrapadmin.com/remark/global/vendor/flag-icon-css/flags/1x1/tt.svg]
[getbootstrapadmin.com/remark/global/vendor/flag-icon-css/flags/4x3/tv.svg]
[getbootstrapadmin.com/remark/global/vendor/flag-icon-css/flags/1x1/tv.svg]
[getbootstrapadmin.com/remark/global/vendor/flag-icon-css/flags/4x3/tw.svg]
[getbootstrapadmin.com/remark/global/vendor/flag-icon-css/flags/1x1/tw.svg]
[getbootstrapadmin.com/remark/global/vendor/flag-icon-css/flags/4x3/tz.svg]
[getbootstrapadmin.com/remark/global/vendor/flag-icon-css/flags/1x1/tz.svg]
[getbootstrapadmin.com/remark/global/vendor/flag-icon-css/flags/4x3/ua.svg]
[getbootstrapadmin.com/remark/global/vendor/flag-icon-css/flags/1x1/ua.svg]
[getbootstrapadmin.com/remark/global/vendor/flag-icon-css/flags/4x3/ug.svg]
[getbootstrapadmin.com/remark/global/vendor/flag-icon-css/flags/1x1/ug.svg]
[getbootstrapadmin.com/remark/global/vendor/flag-icon-css/flags/4x3/um.svg]
[getbootstrapadmin.com/remark/global/vendor/flag-icon-css/flags/1x1/um.svg]
[getbootstrapadmin.com/remark/global/vendor/flag-icon-css/flags/4x3/us.svg]
[getbootstrapadmin.com/remark/global/vendor/flag-icon-css/flags/1x1/us.svg]
[getbootstrapadmin.com/remark/global/vendor/flag-icon-css/flags/4x3/uy.svg]
[getbootstrapadmin.com/remark/global/vendor/flag-icon-css/flags/1x1/uy.svg]
[getbootstrapadmin.com/remark/global/vendor/flag-icon-css/flags/4x3/uz.svg]
[getbootstrapadmin.com/remark/global/vendor/flag-icon-css/flags/1x1/uz.svg]
[getbootstrapadmin.com/remark/global/vendor/flag-icon-css/flags/4x3/va.svg]
[getbootstrapadmin.com/remark/global/vendor/flag-icon-css/flags/1x1/va.svg]
[getbootstrapadmin.com/remark/global/vendor/flag-icon-css/flags/4x3/vc.svg]
[getbootstrapadmin.com/remark/global/vendor/flag-icon-css/flags/1x1/vc.svg]
[getbootstrapadmin.com/remark/global/vendor/flag-icon-css/flags/4x3/ve.svg]
[getbootstrapadmin.com/remark/global/vendor/flag-icon-css/flags/1x1/ve.svg]
[getbootstrapadmin.com/remark/global/vendor/flag-icon-css/flags/4x3/vg.svg]
[getbootstrapadmin.com/remark/global/vendor/flag-icon-css/flags/1x1/vg.svg]
[getbootstrapadmin.com/remark/global/vendor/flag-icon-css/flags/4x3/vi.svg]
[getbootstrapadmin.com/remark/global/vendor/flag-icon-css/flags/1x1/vi.svg]
[getbootstrapadmin.com/remark/global/vendor/flag-icon-css/flags/4x3/vn.svg]
[getbootstrapadmin.com/remark/global/vendor/flag-icon-css/flags/1x1/vn.svg]
[getbootstrapadmin.com/remark/global/vendor/flag-icon-css/flags/4x3/vu.svg]
[getbootstrapadmin.com/remark/global/vendor/flag-icon-css/flags/1x1/vu.svg]
[getbootstrapadmin.com/remark/global/vendor/flag-icon-css/flags/4x3/wf.svg]
[getbootstrapadmin.com/remark/global/vendor/flag-icon-css/flags/1x1/wf.svg]
[getbootstrapadmin.com/remark/global/vendor/flag-icon-css/flags/4x3/ws.svg]
[getbootstrapadmin.com/remark/global/vendor/flag-icon-css/flags/1x1/ws.svg]
[getbootstrapadmin.com/remark/global/vendor/flag-icon-css/flags/4x3/ye.svg]
[getbootstrapadmin.com/remark/global/vendor/flag-icon-css/flags/1x1/ye.svg]
[getbootstrapadmin.com/remark/global/vendor/flag-icon-css/flags/4x3/yt.svg]
[getbootstrapadmin.com/remark/global/vendor/flag-icon-css/flags/1x1/yt.svg]
[getbootstrapadmin.com/remark/global/vendor/flag-icon-css/flags/4x3/za.svg]
[getbootstrapadmin.com/remark/global/vendor/flag-icon-css/flags/1x1/za.svg]
[getbootstrapadmin.com/remark/global/vendor/flag-icon-css/flags/4x3/zm.svg]
[getbootstrapadmin.com/remark/global/vendor/flag-icon-css/flags/1x1/zm.svg]
[getbootstrapadmin.com/remark/global/vendor/flag-icon-css/flags/4x3/zw.svg]
[getbootstrapadmin.com/remark/global/vendor/flag-icon-css/flags/1x1/zw.svg]
[getbootstrapadmin.com/remark/global/vendor/flag-icon-css/flags/1x1/eu.svg]
[getbootstrapadmin.com/remark/global/vendor/flag-icon-css/flags/4x3/eu.svg]
[getbootstrapadmin.com/remark/global/vendor/flag-icon-css/flags/4x3/gb-eng.svg]
[getbootstrapadmin.com/remark/global/vendor/flag-icon-css/flags/1x1/gb-eng.svg]
[getbootstrapadmin.com/remark/global/vendor/flag-icon-css/flags/1x1/gb-nir.svg]
[getbootstrapadmin.com/remark/global/vendor/flag-icon-css/flags/4x3/gb-sct.svg]
[getbootstrapadmin.com/remark/global/vendor/flag-icon-css/flags/1x1/gb-sct.svg]
[getbootstrapadmin.com/remark/global/vendor/flag-icon-css/flags/4x3/gb-nir.svg]
[getbootstrapadmin.com/remark/global/vendor/flag-icon-css/flags/4x3/gb-wls.svg]
[getbootstrapadmin.com/remark/global/vendor/flag-icon-css/flags/1x1/gb-wls.svg]
[getbootstrapadmin.com/remark/global/vendor/flag-icon-css/flags/4x3/un.svg]
[getbootstrapadmin.com/remark/global/vendor/flag-icon-css/flag-icon.min599c.css]
[getbootstrapadmin.com/remark/global/vendor/datatables.net-bs4/dataTables.bootstrap4.min599c.css]
[getbootstrapadmin.com/remark/global/vendor/datatables.net-fixedheader-bs4/dataTables.fixedheader.bootstrap4.min599c.css]
[getbootstrapadmin.com/remark/global/vendor/datatables.net-fixedcolumns-bs4/dataTables.fixedcolumns.bootstrap4.min599c.css]
[getbootstrapadmin.com/remark/global/vendor/datatables.net-rowgroup-bs4/dataTables.rowgroup.bootstrap4.min599c.css]
[getbootstrapadmin.com/remark/global/vendor/datatables.net-scroller-bs4/dataTables.scroller.bootstrap4.min599c.css]
[getbootstrapadmin.com/remark/global/vendor/datatables.net-select-bs4/dataTables.select.bootstrap4.min599c.css]
[getbootstrapadmin.com/remark/global/vendor/datatables.net-responsive-bs4/dataTables.responsive.bootstrap4.min599c.css]
[getbootstrapadmin.com/remark/global/vendor/datatables.net-buttons-bs4/dataTables.buttons.bootstrap4.min599c.css]
[getbootstrapadmin.com/remark/base/assets/examples/css/tables/datatable.min599c.css]
[getbootstrapadmin.com/remark/global/vendor/flag-icon-css/flags/1x1/un.svg]
[getbootstrapadmin.com/remark/global/fonts/web-icons/web-iconsd41d.eot]
[getbootstrapadmin.com/remark/global/fonts/web-icons/web-icons2570.woff2]
[getbootstrapadmin.com/remark/global/fonts/web-icons/web-icons2570.eot]
[getbootstrapadmin.com/remark/global/fonts/web-icons/web-icons2570.woff]
[getbootstrapadmin.com/remark/global/fonts/web-icons/web-icons2570.ttf]
[getbootstrapadmin.com/remark/global/fonts/web-icons/web-icons.min599c.css]
[getbootstrapadmin.com/remark/global/fonts/web-icons/web-icons2570.svg]
[getbootstrapadmin.com/remark/global/fonts/brand-icons/brand-iconsd41d.eot]
[getbootstrapadmin.com/remark/global/fonts/brand-icons/brand-icons70cf.eot]
[getbootstrapadmin.com/remark/global/fonts/brand-icons/brand-icons70cf.woff2]
[getbootstrapadmin.com/remark/global/fonts/brand-icons/brand-icons70cf.woff]
[getbootstrapadmin.com/remark/global/fonts/brand-icons/brand-icons70cf.ttf]
[getbootstrapadmin.com/remark/global/fonts/brand-icons/brand-icons.min599c.css]
[getbootstrapadmin.com/remark/global/fonts/brand-icons/brand-icons70cf.svg]
[getbootstrapadmin.com/remark/global/fonts/font-awesome/font-awesome3e6e.woff2]
[getbootstrapadmin.com/remark/global/fonts/font-awesome/font-awesome3e6e.eot]
[getbootstrapadmin.com/remark/global/fonts/font-awesome/font-awesome3e6e.ttf]
[getbootstrapadmin.com/remark/global/fonts/font-awesome/font-awesomed41d.eot]
[getbootstrapadmin.com/remark/global/fonts/font-awesome/font-awesome3e6e.woff]
[getbootstrapadmin.com/remark/global/fonts/font-awesome/font-awesome.min599c.css]
[getbootstrapadmin.com/remark/base/assets/examples/css/tables/basic.min599c.css]
[getbootstrapadmin.com/remark/global/portraits/1.jpg]
[getbootstrapadmin.com/remark/global/vendor/peity/jquery.peity.min599c.js]
[getbootstrapadmin.com/remark/global/js/Plugin/peity.min599c.js]
[getbootstrapadmin.com/remark/global/js/Plugin/asselectable.min599c.js]
[getbootstrapadmin.com/remark/global/js/Plugin/selectable.min599c.js]
[getbootstrapadmin.com/remark/global/fonts/font-awesome/font-awesome3e6e.svg]
[getbootstrapadmin.com/remark/global/js/Plugin/table.min599c.js]
[getbootstrapadmin.com/remark/base/tables/basic.html]
[getbootstrapadmin.com/remark/base/assets/examples/js/charts/peity.min599c.js]
[getbootstrapadmin.com/remark/global/vendor/bootstrap-table/bootstrap-table.min599c.css]
[getbootstrapadmin.com/remark/global/vendor/bootstrap-table/bootstrap-table.min599c.js]
[getbootstrapadmin.com/remark/base/tables/bootstrap.html]
[getbootstrapadmin.com/remark/base/assets/examples/js/tables/bootstrap.min599c.js]
[getbootstrapadmin.com/remark/global/vendor/bootstrap-table/extensions/mobile/bootstrap-table-mobile.min599c.js]
[getbootstrapadmin.com/remark/global/vendor/floatthead/jquery.floatThead.min599c.css]
[getbootstrapadmin.com/remark/base/assets/examples/css/tables/floatthead.min599c.css]
[getbootstrapadmin.com/remark/global/vendor/floatthead/jquery.floatThead.min599c.js]
[getbootstrapadmin.com/remark/base/tables/floatthead.html]
[getbootstrapadmin.com/remark/global/js/Plugin/floatthead.min599c.js]
[getbootstrapadmin.com/remark/global/vendor/tablesaw/tablesaw.min599c.css]
[getbootstrapadmin.com/remark/global/vendor/tablesaw/tablesaw.jquery599c.js]
[getbootstrapadmin.com/remark/global/vendor/tablesaw/tablesaw-init599c.js]
[getbootstrapadmin.com/remark/global/js/Plugin/tablesaw.min599c.js]
[getbootstrapadmin.com/remark/base/tables/responsive.html]
[getbootstrapadmin.com/remark/global/vendor/editable-table/editable-table.min599c.css]
[getbootstrapadmin.com/remark/base/assets/examples/js/tables/responsive.min599c.js]
[getbootstrapadmin.com/remark/global/vendor/editable-table/mindmup-editabletable599c.js]
[getbootstrapadmin.com/remark/global/js/Plugin/editable-table.min599c.js]
[getbootstrapadmin.com/remark/base/tables/editable.html]
[getbootstrapadmin.com/remark/base/assets/examples/js/tables/editable.min599c.js]
[getbootstrapadmin.com/remark/global/vendor/jsgrid/jsgrid.min599c.css]
[getbootstrapadmin.com/remark/global/vendor/bootstrap-datepicker/bootstrap-datepicker.min599c.css]
[getbootstrapadmin.com/remark/base/assets/examples/css/tables/jsgrid.min599c.css]
[getbootstrapadmin.com/remark/global/vendor/jsgrid/jsgrid.min599c.js]
[getbootstrapadmin.com/remark/global/vendor/bootstrap-datepicker/bootstrap-datepicker.min599c.js]
[getbootstrapadmin.com/remark/base/tables/jsgrid.html]
[getbootstrapadmin.com/remark/base/assets/examples/js/tables/jsgrid.min599c.js]
[getbootstrapadmin.com/remark/base/assets/examples/js/tables/jsgrid-db.min599c.js]
[getbootstrapadmin.com/remark/global/vendor/jquery-ui/jquery-ui.min599c.js]
[getbootstrapadmin.com/remark/global/vendor/footable/footable.core.min599c.css]
[getbootstrapadmin.com/remark/base/assets/examples/css/tables/footable.min599c.css]
[getbootstrapadmin.com/remark/global/vendor/moment/moment.min599c.js]
[getbootstrapadmin.com/remark/global/vendor/footable/footable.min599c.js]
[getbootstrapadmin.com/remark/base/tables/footable.html]
[getbootstrapadmin.com/remark/base/assets/examples/js/tables/footable.min599c.js]
[getbootstrapadmin.com/remark/global/vendor/jquery-tabledit/jquery-tabledit.min599c.css]
[getbootstrapadmin.com/remark/global/vendor/jquery-tabledit/jquery.tabledit.min599c.js]
[getbootstrapadmin.com/remark/base/tables/jqtabledit.html]
[getbootstrapadmin.com/remark/base/assets/examples/js/tables/jqtabledit.min599c.js]
[getbootstrapadmin.com/remark/global/vendor/table-dragger/table-dragger.min599c.css]
[getbootstrapadmin.com/remark/base/tables/table-dragger.html]
[getbootstrapadmin.com/remark/global/vendor/flag-icon-css/flags/4x3/ad.svg]
[getbootstrapadmin.com/remark/global/vendor/flag-icon-css/flags/1x1/ad.svg]
[getbootstrapadmin.com/remark/global/vendor/flag-icon-css/flags/4x3/ae.svg]
[getbootstrapadmin.com/remark/global/vendor/flag-icon-css/flags/1x1/ae.svg]
[getbootstrapadmin.com/remark/global/vendor/flag-icon-css/flags/4x3/af.svg]
[getbootstrapadmin.com/remark/global/vendor/flag-icon-css/flags/1x1/af.svg]
[getbootstrapadmin.com/remark/global/vendor/flag-icon-css/flags/4x3/ag.svg]
[getbootstrapadmin.com/remark/global/vendor/flag-icon-css/flags/1x1/ag.svg]
[getbootstrapadmin.com/remark/global/vendor/flag-icon-css/flags/4x3/ai.svg]
[getbootstrapadmin.com/remark/global/vendor/flag-icon-css/flags/1x1/ai.svg]
[getbootstrapadmin.com/remark/global/vendor/flag-icon-css/flags/4x3/al.svg]
[getbootstrapadmin.com/remark/global/vendor/flag-icon-css/flags/1x1/al.svg]
[getbootstrapadmin.com/remark/global/vendor/flag-icon-css/flags/4x3/am.svg]
[getbootstrapadmin.com/remark/global/vendor/flag-icon-css/flags/1x1/am.svg]
[getbootstrapadmin.com/remark/global/vendor/flag-icon-css/flags/4x3/ao.svg]
[getbootstrapadmin.com/remark/global/vendor/flag-icon-css/flags/1x1/ao.svg]
[getbootstrapadmin.com/remark/global/vendor/flag-icon-css/flags/4x3/aq.svg]
[getbootstrapadmin.com/remark/global/vendor/flag-icon-css/flags/1x1/aq.svg]
[getbootstrapadmin.com/remark/global/vendor/flag-icon-css/flags/4x3/ar.svg]
[getbootstrapadmin.com/remark/global/vendor/flag-icon-css/flags/1x1/ar.svg]
[getbootstrapadmin.com/remark/global/vendor/flag-icon-css/flags/4x3/as.svg]
[getbootstrapadmin.com/remark/global/vendor/flag-icon-css/flags/1x1/as.svg]
[getbootstrapadmin.com/remark/global/vendor/flag-icon-css/flags/4x3/at.svg]
[getbootstrapadmin.com/remark/global/vendor/flag-icon-css/flags/1x1/at.svg]
[getbootstrapadmin.com/remark/global/vendor/flag-icon-css/flags/4x3/au.svg]
[getbootstrapadmin.com/remark/global/vendor/flag-icon-css/flags/1x1/au.svg]
[getbootstrapadmin.com/remark/global/vendor/flag-icon-css/flags/4x3/aw.svg]
[getbootstrapadmin.com/remark/global/vendor/flag-icon-css/flags/1x1/aw.svg]
[getbootstrapadmin.com/remark/global/vendor/flag-icon-css/flags/4x3/ax.svg]
[getbootstrapadmin.com/remark/global/vendor/flag-icon-css/flags/1x1/ax.svg]
[getbootstrapadmin.com/remark/global/vendor/flag-icon-css/flags/4x3/az.svg]
[getbootstrapadmin.com/remark/global/vendor/flag-icon-css/flags/1x1/az.svg]
[getbootstrapadmin.com/remark/global/vendor/flag-icon-css/flags/4x3/ba.svg]
[getbootstrapadmin.com/remark/global/vendor/flag-icon-css/flags/1x1/ba.svg]
[getbootstrapadmin.com/remark/global/vendor/flag-icon-css/flags/4x3/bb.svg]
[getbootstrapadmin.com/remark/global/vendor/flag-icon-css/flags/1x1/bb.svg]
[getbootstrapadmin.com/remark/global/vendor/flag-icon-css/flags/4x3/bd.svg]
[getbootstrapadmin.com/remark/global/vendor/flag-icon-css/flags/1x1/bd.svg]
[getbootstrapadmin.com/remark/global/vendor/flag-icon-css/flags/4x3/be.svg]
[getbootstrapadmin.com/remark/global/vendor/flag-icon-css/flags/1x1/be.svg]
[getbootstrapadmin.com/remark/global/vendor/flag-icon-css/flags/4x3/bf.svg]
[getbootstrapadmin.com/remark/global/vendor/flag-icon-css/flags/1x1/bf.svg]
[getbootstrapadmin.com/remark/global/vendor/flag-icon-css/flags/4x3/bg.svg]
[getbootstrapadmin.com/remark/global/vendor/flag-icon-css/flags/1x1/bg.svg]
[getbootstrapadmin.com/remark/global/vendor/flag-icon-css/flags/4x3/bh.svg]
[getbootstrapadmin.com/remark/global/vendor/flag-icon-css/flags/1x1/bh.svg]
[getbootstrapadmin.com/remark/global/vendor/flag-icon-css/flags/4x3/bi.svg]
[getbootstrapadmin.com/remark/global/vendor/flag-icon-css/flags/1x1/bi.svg]
[getbootstrapadmin.com/remark/global/vendor/flag-icon-css/flags/4x3/bj.svg]
[getbootstrapadmin.com/remark/global/vendor/flag-icon-css/flags/1x1/bj.svg]
[getbootstrapadmin.com/remark/global/vendor/flag-icon-css/flags/4x3/bl.svg]
[getbootstrapadmin.com/remark/global/vendor/flag-icon-css/flags/1x1/bl.svg]
[getbootstrapadmin.com/remark/global/vendor/flag-icon-css/flags/4x3/bm.svg]
[getbootstrapadmin.com/remark/global/vendor/flag-icon-css/flags/1x1/bm.svg]
[getbootstrapadmin.com/remark/global/vendor/flag-icon-css/flags/4x3/bn.svg]
[getbootstrapadmin.com/remark/global/vendor/flag-icon-css/flags/1x1/bn.svg]
[getbootstrapadmin.com/remark/global/vendor/flag-icon-css/flags/4x3/bo.svg]
[getbootstrapadmin.com/remark/global/vendor/flag-icon-css/flags/1x1/bo.svg]
[getbootstrapadmin.com/remark/global/vendor/flag-icon-css/flags/4x3/bq.svg]
[getbootstrapadmin.com/remark/global/vendor/flag-icon-css/flags/1x1/bq.svg]
[getbootstrapadmin.com/remark/global/vendor/flag-icon-css/flags/4x3/br.svg]
[getbootstrapadmin.com/remark/global/vendor/flag-icon-css/flags/1x1/br.svg]
[getbootstrapadmin.com/remark/global/vendor/flag-icon-css/flags/4x3/bs.svg]
[getbootstrapadmin.com/remark/global/vendor/flag-icon-css/flags/1x1/bs.svg]
[getbootstrapadmin.com/remark/global/vendor/flag-icon-css/flags/4x3/bt.svg]
[getbootstrapadmin.com/remark/global/vendor/flag-icon-css/flags/1x1/bt.svg]
[getbootstrapadmin.com/remark/global/vendor/flag-icon-css/flags/4x3/bv.svg]
[getbootstrapadmin.com/remark/global/vendor/flag-icon-css/flags/1x1/bv.svg]
[getbootstrapadmin.com/remark/global/vendor/flag-icon-css/flags/4x3/bw.svg]
[getbootstrapadmin.com/remark/global/vendor/flag-icon-css/flags/1x1/bw.svg]
[getbootstrapadmin.com/remark/global/vendor/flag-icon-css/flags/4x3/by.svg]
[getbootstrapadmin.com/remark/global/vendor/flag-icon-css/flags/1x1/by.svg]
[getbootstrapadmin.com/remark/global/vendor/flag-icon-css/flags/4x3/bz.svg]
[getbootstrapadmin.com/remark/global/vendor/flag-icon-css/flags/1x1/bz.svg]
[getbootstrapadmin.com/remark/global/vendor/flag-icon-css/flags/4x3/ca.svg]
[getbootstrapadmin.com/remark/global/vendor/flag-icon-css/flags/1x1/ca.svg]
[getbootstrapadmin.com/remark/global/vendor/flag-icon-css/flags/4x3/cc.svg]
[getbootstrapadmin.com/remark/global/vendor/flag-icon-css/flags/1x1/cc.svg]
[getbootstrapadmin.com/remark/global/vendor/flag-icon-css/flags/4x3/cd.svg]
[getbootstrapadmin.com/remark/global/vendor/flag-icon-css/flags/1x1/cd.svg]
[getbootstrapadmin.com/remark/global/vendor/flag-icon-css/flags/4x3/cf.svg]
[getbootstrapadmin.com/remark/global/vendor/flag-icon-css/flags/1x1/cf.svg]
[getbootstrapadmin.com/remark/global/vendor/flag-icon-css/flags/4x3/cg.svg]
[getbootstrapadmin.com/remark/global/vendor/flag-icon-css/flags/1x1/cg.svg]
[getbootstrapadmin.com/remark/global/vendor/flag-icon-css/flags/4x3/ch.svg]
[getbootstrapadmin.com/remark/global/vendor/flag-icon-css/flags/1x1/ch.svg]
[getbootstrapadmin.com/remark/global/vendor/flag-icon-css/flags/4x3/ci.svg]
[getbootstrapadmin.com/remark/global/vendor/flag-icon-css/flags/1x1/ci.svg]
[getbootstrapadmin.com/remark/global/vendor/flag-icon-css/flags/4x3/ck.svg]
[getbootstrapadmin.com/remark/global/vendor/flag-icon-css/flags/1x1/ck.svg]
[getbootstrapadmin.com/remark/global/vendor/flag-icon-css/flags/4x3/cl.svg]
[getbootstrapadmin.com/remark/global/vendor/flag-icon-css/flags/1x1/cl.svg]
[getbootstrapadmin.com/remark/global/vendor/flag-icon-css/flags/4x3/cm.svg]
[getbootstrapadmin.com/remark/global/vendor/flag-icon-css/flags/1x1/cm.svg]
[getbootstrapadmin.com/remark/global/vendor/flag-icon-css/flags/4x3/cn.svg]
[getbootstrapadmin.com/remark/global/vendor/flag-icon-css/flags/1x1/cn.svg]
[getbootstrapadmin.com/remark/global/vendor/flag-icon-css/flags/4x3/co.svg]
[getbootstrapadmin.com/remark/global/vendor/flag-icon-css/flags/1x1/co.svg]
[getbootstrapadmin.com/remark/global/vendor/flag-icon-css/flags/4x3/cr.svg]
[getbootstrapadmin.com/remark/global/vendor/flag-icon-css/flags/1x1/cr.svg]
[getbootstrapadmin.com/remark/global/vendor/flag-icon-css/flags/4x3/cu.svg]
[getbootstrapadmin.com/remark/global/vendor/flag-icon-css/flags/1x1/cu.svg]
[getbootstrapadmin.com/remark/global/vendor/flag-icon-css/flags/4x3/cv.svg]
[getbootstrapadmin.com/remark/global/vendor/flag-icon-css/flags/1x1/cv.svg]
[getbootstrapadmin.com/remark/global/vendor/flag-icon-css/flags/4x3/cw.svg]
[getbootstrapadmin.com/remark/global/vendor/flag-icon-css/flags/1x1/cw.svg]
[getbootstrapadmin.com/remark/global/vendor/flag-icon-css/flags/4x3/cx.svg]
[getbootstrapadmin.com/remark/global/vendor/flag-icon-css/flags/1x1/cx.svg]
[getbootstrapadmin.com/remark/global/vendor/flag-icon-css/flags/4x3/cy.svg]
[getbootstrapadmin.com/remark/global/vendor/flag-icon-css/flags/1x1/cy.svg]
[getbootstrapadmin.com/remark/global/vendor/flag-icon-css/flags/4x3/cz.svg]
[getbootstrapadmin.com/remark/global/vendor/flag-icon-css/flags/1x1/cz.svg]
[getbootstrapadmin.com/remark/global/vendor/flag-icon-css/flags/4x3/de.svg]
[getbootstrapadmin.com/remark/global/vendor/flag-icon-css/flags/1x1/de.svg]
[getbootstrapadmin.com/remark/global/vendor/flag-icon-css/flags/4x3/dj.svg]
[getbootstrapadmin.com/remark/global/vendor/flag-icon-css/flags/1x1/dj.svg]
[getbootstrapadmin.com/remark/global/vendor/flag-icon-css/flags/4x3/dk.svg]
[getbootstrapadmin.com/remark/global/vendor/flag-icon-css/flags/1x1/dk.svg]
[getbootstrapadmin.com/remark/global/vendor/flag-icon-css/flags/4x3/dm.svg]
[getbootstrapadmin.com/remark/base/assets/examples/js/tables/table-dragger.min599c.js]
[getbootstrapadmin.com/remark/global/vendor/flag-icon-css/flags/1x1/dm.svg]
[getbootstrapadmin.com/remark/global/vendor/table-dragger/table-dragger.min599c.js]
[getbootstrapadmin.com/remark/global/vendor/flag-icon-css/flags/4x3/do.svg]
[getbootstrapadmin.com/remark/global/vendor/flag-icon-css/flags/1x1/do.svg]
[getbootstrapadmin.com/remark/global/vendor/flag-icon-css/flags/4x3/dz.svg]
[getbootstrapadmin.com/remark/global/vendor/flag-icon-css/flags/1x1/dz.svg]
[getbootstrapadmin.com/remark/global/vendor/flag-icon-css/flags/4x3/ec.svg]
[getbootstrapadmin.com/remark/global/vendor/flag-icon-css/flags/1x1/ec.svg]
[getbootstrapadmin.com/remark/global/vendor/flag-icon-css/flags/4x3/ee.svg]
[getbootstrapadmin.com/remark/global/vendor/flag-icon-css/flags/1x1/ee.svg]
[getbootstrapadmin.com/remark/global/vendor/flag-icon-css/flags/4x3/eg.svg]
[getbootstrapadmin.com/remark/global/vendor/flag-icon-css/flags/1x1/eg.svg]
[getbootstrapadmin.com/remark/global/vendor/flag-icon-css/flags/4x3/eh.svg]
[getbootstrapadmin.com/remark/global/vendor/flag-icon-css/flags/1x1/eh.svg]
[getbootstrapadmin.com/remark/global/vendor/flag-icon-css/flags/4x3/er.svg]
[getbootstrapadmin.com/remark/global/vendor/flag-icon-css/flags/1x1/er.svg]
[getbootstrapadmin.com/remark/global/vendor/flag-icon-css/flags/4x3/es.svg]
[getbootstrapadmin.com/remark/global/vendor/flag-icon-css/flags/1x1/es.svg]
[getbootstrapadmin.com/remark/global/vendor/flag-icon-css/flags/4x3/et.svg]
[getbootstrapadmin.com/remark/global/vendor/flag-icon-css/flags/1x1/et.svg]
[getbootstrapadmin.com/remark/global/vendor/flag-icon-css/flags/4x3/fi.svg]
[getbootstrapadmin.com/remark/global/vendor/flag-icon-css/flags/1x1/fi.svg]
[getbootstrapadmin.com/remark/global/vendor/flag-icon-css/flags/4x3/fj.svg]
[getbootstrapadmin.com/remark/global/vendor/flag-icon-css/flags/1x1/fj.svg]
[getbootstrapadmin.com/remark/global/vendor/flag-icon-css/flags/4x3/fk.svg]
[getbootstrapadmin.com/remark/global/vendor/flag-icon-css/flags/1x1/fk.svg]
[getbootstrapadmin.com/remark/global/vendor/flag-icon-css/flags/4x3/fm.svg]
[getbootstrapadmin.com/remark/global/vendor/flag-icon-css/flags/1x1/fm.svg]
[getbootstrapadmin.com/remark/global/vendor/flag-icon-css/flags/4x3/fo.svg]
[getbootstrapadmin.com/remark/global/vendor/flag-icon-css/flags/1x1/fo.svg]
[getbootstrapadmin.com/remark/global/vendor/flag-icon-css/flags/4x3/fr.svg]
[getbootstrapadmin.com/remark/global/vendor/flag-icon-css/flags/1x1/fr.svg]
[getbootstrapadmin.com/remark/global/vendor/flag-icon-css/flags/4x3/ga.svg]
[getbootstrapadmin.com/remark/global/vendor/flag-icon-css/flags/1x1/ga.svg]
[getbootstrapadmin.com/remark/global/vendor/flag-icon-css/flags/4x3/gb.svg]
[getbootstrapadmin.com/remark/global/vendor/flag-icon-css/flags/1x1/gb.svg]
[getbootstrapadmin.com/remark/global/vendor/flag-icon-css/flags/4x3/gd.svg]
[getbootstrapadmin.com/remark/global/vendor/flag-icon-css/flags/1x1/gd.svg]
[getbootstrapadmin.com/remark/global/vendor/flag-icon-css/flags/4x3/ge.svg]
[getbootstrapadmin.com/remark/global/vendor/flag-icon-css/flags/1x1/ge.svg]
[getbootstrapadmin.com/remark/global/vendor/flag-icon-css/flags/4x3/gf.svg]
[getbootstrapadmin.com/remark/global/vendor/flag-icon-css/flags/1x1/gf.svg]
[getbootstrapadmin.com/remark/global/vendor/flag-icon-css/flags/4x3/gg.svg]
[getbootstrapadmin.com/remark/global/vendor/flag-icon-css/flags/1x1/gg.svg]
[getbootstrapadmin.com/remark/global/vendor/flag-icon-css/flags/4x3/gh.svg]
[getbootstrapadmin.com/remark/global/vendor/flag-icon-css/flags/1x1/gh.svg]
[getbootstrapadmin.com/remark/global/vendor/flag-icon-css/flags/4x3/gi.svg]
[getbootstrapadmin.com/remark/global/vendor/flag-icon-css/flags/1x1/gi.svg]
[getbootstrapadmin.com/remark/global/vendor/flag-icon-css/flags/4x3/gl.svg]
[getbootstrapadmin.com/remark/global/vendor/flag-icon-css/flags/1x1/gl.svg]
[getbootstrapadmin.com/remark/global/vendor/flag-icon-css/flags/4x3/gm.svg]
[getbootstrapadmin.com/remark/global/vendor/flag-icon-css/flags/1x1/gm.svg]
[getbootstrapadmin.com/remark/global/vendor/flag-icon-css/flags/4x3/gn.svg]
[getbootstrapadmin.com/remark/global/vendor/flag-icon-css/flags/1x1/gn.svg]
[getbootstrapadmin.com/remark/global/vendor/flag-icon-css/flags/4x3/gp.svg]
[getbootstrapadmin.com/remark/global/vendor/flag-icon-css/flags/1x1/gp.svg]
[getbootstrapadmin.com/remark/global/vendor/flag-icon-css/flags/4x3/gq.svg]
[getbootstrapadmin.com/remark/global/vendor/flag-icon-css/flags/1x1/gq.svg]
[getbootstrapadmin.com/remark/global/vendor/flag-icon-css/flags/4x3/gr.svg]
[getbootstrapadmin.com/remark/global/vendor/flag-icon-css/flags/1x1/gr.svg]
[getbootstrapadmin.com/remark/global/vendor/flag-icon-css/flags/4x3/gs.svg]
[getbootstrapadmin.com/remark/global/vendor/flag-icon-css/flags/1x1/gs.svg]
[getbootstrapadmin.com/remark/global/vendor/flag-icon-css/flags/4x3/gt.svg]
[getbootstrapadmin.com/remark/global/vendor/flag-icon-css/flags/1x1/gt.svg]
[getbootstrapadmin.com/remark/global/vendor/flag-icon-css/flags/4x3/gu.svg]
[getbootstrapadmin.com/remark/global/vendor/flag-icon-css/flags/1x1/gu.svg]
[getbootstrapadmin.com/remark/global/vendor/flag-icon-css/flags/4x3/gw.svg]
[getbootstrapadmin.com/remark/global/vendor/flag-icon-css/flags/1x1/gw.svg]
[getbootstrapadmin.com/remark/global/vendor/flag-icon-css/flags/4x3/gy.svg]
[getbootstrapadmin.com/remark/global/vendor/flag-icon-css/flags/1x1/gy.svg]
[getbootstrapadmin.com/remark/global/vendor/flag-icon-css/flags/4x3/hk.svg]
[getbootstrapadmin.com/remark/global/vendor/flag-icon-css/flags/1x1/hk.svg]
[getbootstrapadmin.com/remark/global/vendor/flag-icon-css/flags/4x3/hm.svg]
[getbootstrapadmin.com/remark/global/vendor/flag-icon-css/flags/1x1/hm.svg]
[getbootstrapadmin.com/remark/global/vendor/flag-icon-css/flags/4x3/hn.svg]
[getbootstrapadmin.com/remark/global/vendor/flag-icon-css/flags/1x1/hn.svg]
[getbootstrapadmin.com/remark/global/vendor/flag-icon-css/flags/4x3/hr.svg]
[getbootstrapadmin.com/remark/global/vendor/flag-icon-css/flags/1x1/hr.svg]
[getbootstrapadmin.com/remark/global/vendor/flag-icon-css/flags/4x3/ht.svg]
[getbootstrapadmin.com/remark/global/vendor/flag-icon-css/flags/1x1/ht.svg]
[getbootstrapadmin.com/remark/global/vendor/flag-icon-css/flags/4x3/hu.svg]
[getbootstrapadmin.com/remark/global/vendor/flag-icon-css/flags/1x1/hu.svg]
[getbootstrapadmin.com/remark/global/vendor/flag-icon-css/flags/4x3/id.svg]
[getbootstrapadmin.com/remark/global/vendor/flag-icon-css/flags/1x1/id.svg]
[getbootstrapadmin.com/remark/global/vendor/flag-icon-css/flags/4x3/ie.svg]
[getbootstrapadmin.com/remark/global/vendor/flag-icon-css/flags/1x1/ie.svg]
[getbootstrapadmin.com/remark/global/vendor/flag-icon-css/flags/4x3/il.svg]
[getbootstrapadmin.com/remark/global/vendor/flag-icon-css/flags/1x1/il.svg]
[getbootstrapadmin.com/remark/global/vendor/flag-icon-css/flags/4x3/im.svg]
[getbootstrapadmin.com/remark/global/vendor/flag-icon-css/flags/1x1/im.svg]
[getbootstrapadmin.com/remark/global/vendor/flag-icon-css/flags/4x3/in.svg]
[getbootstrapadmin.com/remark/global/vendor/flag-icon-css/flags/1x1/in.svg]
[getbootstrapadmin.com/remark/global/vendor/flag-icon-css/flags/4x3/io.svg]
[getbootstrapadmin.com/remark/global/vendor/flag-icon-css/flags/1x1/io.svg]
[getbootstrapadmin.com/remark/global/vendor/flag-icon-css/flags/4x3/iq.svg]
[getbootstrapadmin.com/remark/global/vendor/flag-icon-css/flags/1x1/iq.svg]
[getbootstrapadmin.com/remark/global/vendor/flag-icon-css/flags/4x3/ir.svg]
[getbootstrapadmin.com/remark/global/vendor/flag-icon-css/flags/1x1/ir.svg]
[getbootstrapadmin.com/remark/global/vendor/flag-icon-css/flags/4x3/is.svg]
[getbootstrapadmin.com/remark/global/vendor/flag-icon-css/flags/1x1/is.svg]
[getbootstrapadmin.com/remark/global/vendor/flag-icon-css/flags/4x3/it.svg]
[getbootstrapadmin.com/remark/global/vendor/flag-icon-css/flags/1x1/it.svg]
[getbootstrapadmin.com/remark/global/vendor/flag-icon-css/flags/4x3/je.svg]
[getbootstrapadmin.com/remark/global/vendor/flag-icon-css/flags/1x1/je.svg]
[getbootstrapadmin.com/remark/global/vendor/flag-icon-css/flags/4x3/jm.svg]
[getbootstrapadmin.com/remark/global/vendor/flag-icon-css/flags/1x1/jm.svg]
[getbootstrapadmin.com/remark/global/vendor/flag-icon-css/flags/4x3/jo.svg]
[getbootstrapadmin.com/remark/global/vendor/flag-icon-css/flags/1x1/jo.svg]
[getbootstrapadmin.com/remark/global/vendor/flag-icon-css/flags/4x3/jp.svg]
[getbootstrapadmin.com/remark/global/vendor/flag-icon-css/flags/1x1/jp.svg]
[getbootstrapadmin.com/remark/global/vendor/flag-icon-css/flags/4x3/ke.svg]
[getbootstrapadmin.com/remark/global/vendor/flag-icon-css/flags/1x1/ke.svg]
[getbootstrapadmin.com/remark/global/vendor/flag-icon-css/flags/4x3/kg.svg]
[getbootstrapadmin.com/remark/global/vendor/flag-icon-css/flags/1x1/kg.svg]
[getbootstrapadmin.com/remark/global/vendor/flag-icon-css/flags/4x3/kh.svg]
[getbootstrapadmin.com/remark/global/vendor/flag-icon-css/flags/1x1/kh.svg]
[getbootstrapadmin.com/remark/global/vendor/flag-icon-css/flags/4x3/ki.svg]
[getbootstrapadmin.com/remark/global/vendor/flag-icon-css/flags/1x1/ki.svg]
[getbootstrapadmin.com/remark/global/vendor/flag-icon-css/flags/4x3/km.svg]
[getbootstrapadmin.com/remark/global/vendor/flag-icon-css/flags/1x1/km.svg]
[getbootstrapadmin.com/remark/global/vendor/flag-icon-css/flags/4x3/kn.svg]
[getbootstrapadmin.com/remark/global/vendor/flag-icon-css/flags/1x1/kn.svg]
[getbootstrapadmin.com/remark/global/vendor/flag-icon-css/flags/4x3/kp.svg]
[getbootstrapadmin.com/remark/global/vendor/flag-icon-css/flags/1x1/kp.svg]
[getbootstrapadmin.com/remark/global/vendor/flag-icon-css/flags/4x3/kr.svg]
[getbootstrapadmin.com/remark/global/vendor/flag-icon-css/flags/1x1/kr.svg]
[getbootstrapadmin.com/remark/global/vendor/flag-icon-css/flags/4x3/kw.svg]
[getbootstrapadmin.com/remark/global/vendor/flag-icon-css/flags/1x1/kw.svg]
[getbootstrapadmin.com/remark/global/vendor/flag-icon-css/flags/4x3/ky.svg]
[getbootstrapadmin.com/remark/global/vendor/flag-icon-css/flags/1x1/ky.svg]
[getbootstrapadmin.com/remark/global/vendor/flag-icon-css/flags/4x3/kz.svg]
[getbootstrapadmin.com/remark/global/vendor/flag-icon-css/flags/1x1/kz.svg]
[getbootstrapadmin.com/remark/global/vendor/flag-icon-css/flags/4x3/la.svg]
[getbootstrapadmin.com/remark/global/vendor/flag-icon-css/flags/1x1/la.svg]
[getbootstrapadmin.com/remark/global/vendor/flag-icon-css/flags/4x3/lb.svg]
[getbootstrapadmin.com/remark/global/vendor/flag-icon-css/flags/1x1/lb.svg]
[getbootstrapadmin.com/remark/global/vendor/flag-icon-css/flags/4x3/lc.svg]
[getbootstrapadmin.com/remark/global/vendor/flag-icon-css/flags/1x1/lc.svg]
[getbootstrapadmin.com/remark/global/vendor/flag-icon-css/flags/4x3/li.svg]
[getbootstrapadmin.com/remark/global/vendor/flag-icon-css/flags/1x1/li.svg]
[getbootstrapadmin.com/remark/global/vendor/flag-icon-css/flags/4x3/lk.svg]
[getbootstrapadmin.com/remark/global/vendor/flag-icon-css/flags/1x1/lk.svg]
[getbootstrapadmin.com/remark/global/vendor/flag-icon-css/flags/4x3/lr.svg]
[getbootstrapadmin.com/remark/global/vendor/flag-icon-css/flags/1x1/lr.svg]
[getbootstrapadmin.com/remark/global/vendor/flag-icon-css/flags/4x3/ls.svg]
[getbootstrapadmin.com/remark/global/vendor/flag-icon-css/flags/1x1/ls.svg]
[getbootstrapadmin.com/remark/global/vendor/flag-icon-css/flags/4x3/lt.svg]
[getbootstrapadmin.com/remark/global/vendor/flag-icon-css/flags/1x1/lt.svg]
[getbootstrapadmin.com/remark/global/vendor/flag-icon-css/flags/4x3/lu.svg]
[getbootstrapadmin.com/remark/global/vendor/flag-icon-css/flags/1x1/lu.svg]
[getbootstrapadmin.com/remark/global/vendor/flag-icon-css/flags/4x3/lv.svg]
[getbootstrapadmin.com/remark/global/vendor/flag-icon-css/flags/1x1/lv.svg]
[getbootstrapadmin.com/remark/global/vendor/flag-icon-css/flags/4x3/ly.svg]
[getbootstrapadmin.com/remark/global/vendor/flag-icon-css/flags/1x1/ly.svg]
[getbootstrapadmin.com/remark/global/vendor/flag-icon-css/flags/4x3/ma.svg]
[getbootstrapadmin.com/remark/global/vendor/flag-icon-css/flags/1x1/ma.svg]
[getbootstrapadmin.com/remark/global/vendor/flag-icon-css/flags/4x3/mc.svg]
[getbootstrapadmin.com/remark/global/vendor/flag-icon-css/flags/1x1/mc.svg]
[getbootstrapadmin.com/remark/global/vendor/flag-icon-css/flags/4x3/md.svg]
[getbootstrapadmin.com/remark/global/vendor/flag-icon-css/flags/1x1/md.svg]
[getbootstrapadmin.com/remark/global/vendor/flag-icon-css/flags/4x3/me.svg]
[getbootstrapadmin.com/remark/global/vendor/flag-icon-css/flags/1x1/me.svg]
[getbootstrapadmin.com/remark/global/vendor/flag-icon-css/flags/4x3/mf.svg]
[getbootstrapadmin.com/remark/global/vendor/flag-icon-css/flags/1x1/mf.svg]
[getbootstrapadmin.com/remark/global/vendor/flag-icon-css/flags/4x3/mg.svg]
[getbootstrapadmin.com/remark/global/vendor/flag-icon-css/flags/1x1/mg.svg]
[getbootstrapadmin.com/remark/global/vendor/flag-icon-css/flags/4x3/mh.svg]
[getbootstrapadmin.com/remark/global/vendor/flag-icon-css/flags/1x1/mh.svg]
[getbootstrapadmin.com/remark/global/vendor/flag-icon-css/flags/4x3/mk.svg]
[getbootstrapadmin.com/remark/global/vendor/flag-icon-css/flags/1x1/mk.svg]
[getbootstrapadmin.com/remark/global/vendor/flag-icon-css/flags/4x3/ml.svg]
[getbootstrapadmin.com/remark/global/vendor/flag-icon-css/flags/1x1/ml.svg]
[getbootstrapadmin.com/remark/global/vendor/flag-icon-css/flags/4x3/mm.svg]
[getbootstrapadmin.com/remark/global/vendor/flag-icon-css/flags/1x1/mm.svg]
[getbootstrapadmin.com/remark/global/vendor/flag-icon-css/flags/4x3/mn.svg]
[getbootstrapadmin.com/remark/global/vendor/flag-icon-css/flags/1x1/mn.svg]
[getbootstrapadmin.com/remark/global/vendor/flag-icon-css/flags/4x3/mo.svg]
[getbootstrapadmin.com/remark/global/vendor/flag-icon-css/flags/1x1/mo.svg]
[getbootstrapadmin.com/remark/global/vendor/flag-icon-css/flags/4x3/mp.svg]
[getbootstrapadmin.com/remark/global/vendor/flag-icon-css/flags/1x1/mp.svg]
[getbootstrapadmin.com/remark/global/vendor/flag-icon-css/flags/4x3/mq.svg]
[getbootstrapadmin.com/remark/global/vendor/flag-icon-css/flags/1x1/mq.svg]
[getbootstrapadmin.com/remark/global/vendor/flag-icon-css/flags/4x3/mr.svg]
[getbootstrapadmin.com/remark/global/vendor/flag-icon-css/flags/1x1/mr.svg]
[getbootstrapadmin.com/remark/global/vendor/flag-icon-css/flags/4x3/ms.svg]
[getbootstrapadmin.com/remark/global/vendor/flag-icon-css/flags/1x1/ms.svg]
[getbootstrapadmin.com/remark/global/vendor/flag-icon-css/flags/4x3/mt.svg]
[getbootstrapadmin.com/remark/global/vendor/flag-icon-css/flags/1x1/mt.svg]
[getbootstrapadmin.com/remark/global/vendor/flag-icon-css/flags/4x3/mu.svg]
[getbootstrapadmin.com/remark/global/vendor/flag-icon-css/flags/1x1/mu.svg]
[getbootstrapadmin.com/remark/global/vendor/flag-icon-css/flags/4x3/mv.svg]
[getbootstrapadmin.com/remark/global/vendor/flag-icon-css/flags/1x1/mv.svg]
[getbootstrapadmin.com/remark/global/vendor/flag-icon-css/flags/4x3/mw.svg]
[getbootstrapadmin.com/remark/global/vendor/flag-icon-css/flags/1x1/mw.svg]
[getbootstrapadmin.com/remark/global/vendor/flag-icon-css/flags/4x3/mx.svg]
[getbootstrapadmin.com/remark/global/vendor/flag-icon-css/flags/1x1/mx.svg]
[getbootstrapadmin.com/remark/global/vendor/flag-icon-css/flags/4x3/my.svg]
[getbootstrapadmin.com/remark/global/vendor/flag-icon-css/flags/1x1/my.svg]
[getbootstrapadmin.com/remark/global/vendor/flag-icon-css/flags/4x3/mz.svg]
[getbootstrapadmin.com/remark/global/vendor/flag-icon-css/flags/1x1/mz.svg]
[getbootstrapadmin.com/remark/global/vendor/flag-icon-css/flags/4x3/na.svg]
[getbootstrapadmin.com/remark/global/vendor/flag-icon-css/flags/1x1/na.svg]
[getbootstrapadmin.com/remark/global/vendor/flag-icon-css/flags/4x3/nc.svg]
[getbootstrapadmin.com/remark/global/vendor/flag-icon-css/flags/1x1/nc.svg]
[getbootstrapadmin.com/remark/global/vendor/flag-icon-css/flags/4x3/ne.svg]
[getbootstrapadmin.com/remark/global/vendor/flag-icon-css/flags/1x1/ne.svg]
[getbootstrapadmin.com/remark/global/vendor/flag-icon-css/flags/4x3/nf.svg]
[getbootstrapadmin.com/remark/global/vendor/flag-icon-css/flags/1x1/nf.svg]
[getbootstrapadmin.com/remark/global/vendor/flag-icon-css/flags/4x3/ng.svg]
[getbootstrapadmin.com/remark/global/vendor/flag-icon-css/flags/1x1/ng.svg]
[getbootstrapadmin.com/remark/global/vendor/flag-icon-css/flags/4x3/ni.svg]
[getbootstrapadmin.com/remark/global/vendor/flag-icon-css/flags/1x1/ni.svg]
[getbootstrapadmin.com/remark/global/vendor/flag-icon-css/flags/4x3/nl.svg]
[getbootstrapadmin.com/remark/global/vendor/flag-icon-css/flags/1x1/nl.svg]
[getbootstrapadmin.com/remark/global/vendor/flag-icon-css/flags/4x3/no.svg]
[getbootstrapadmin.com/remark/global/vendor/flag-icon-css/flags/1x1/no.svg]
[getbootstrapadmin.com/remark/global/vendor/flag-icon-css/flags/4x3/np.svg]
[getbootstrapadmin.com/remark/global/vendor/flag-icon-css/flags/1x1/np.svg]
[getbootstrapadmin.com/remark/global/vendor/flag-icon-css/flags/4x3/nr.svg]
[getbootstrapadmin.com/remark/global/vendor/flag-icon-css/flags/1x1/nr.svg]
[getbootstrapadmin.com/remark/global/vendor/flag-icon-css/flags/4x3/nu.svg]
[getbootstrapadmin.com/remark/global/vendor/flag-icon-css/flags/1x1/nu.svg]
[getbootstrapadmin.com/remark/global/vendor/flag-icon-css/flags/4x3/nz.svg]
[getbootstrapadmin.com/remark/global/vendor/flag-icon-css/flags/1x1/nz.svg]
[getbootstrapadmin.com/remark/global/vendor/flag-icon-css/flags/4x3/om.svg]
[getbootstrapadmin.com/remark/global/vendor/flag-icon-css/flags/1x1/om.svg]
[getbootstrapadmin.com/remark/global/vendor/flag-icon-css/flags/4x3/pa.svg]
[getbootstrapadmin.com/remark/global/vendor/flag-icon-css/flags/1x1/pa.svg]
[getbootstrapadmin.com/remark/global/vendor/flag-icon-css/flags/4x3/pe.svg]
[getbootstrapadmin.com/remark/global/vendor/flag-icon-css/flags/1x1/pe.svg]
[getbootstrapadmin.com/remark/global/vendor/flag-icon-css/flags/4x3/pf.svg]
[getbootstrapadmin.com/remark/global/vendor/flag-icon-css/flags/1x1/pf.svg]
[getbootstrapadmin.com/remark/global/vendor/flag-icon-css/flags/4x3/pg.svg]
[getbootstrapadmin.com/remark/global/vendor/flag-icon-css/flags/1x1/pg.svg]
[getbootstrapadmin.com/remark/global/vendor/flag-icon-css/flags/4x3/ph.svg]
[getbootstrapadmin.com/remark/global/vendor/flag-icon-css/flags/1x1/ph.svg]
[getbootstrapadmin.com/remark/global/vendor/flag-icon-css/flags/4x3/pk.svg]
[getbootstrapadmin.com/remark/global/vendor/flag-icon-css/flags/1x1/pk.svg]
[getbootstrapadmin.com/remark/global/vendor/flag-icon-css/flags/4x3/pl.svg]
[getbootstrapadmin.com/remark/global/vendor/flag-icon-css/flags/1x1/pl.svg]
[getbootstrapadmin.com/remark/global/vendor/flag-icon-css/flags/4x3/pm.svg]
[getbootstrapadmin.com/remark/global/vendor/flag-icon-css/flags/1x1/pm.svg]
[getbootstrapadmin.com/remark/global/vendor/flag-icon-css/flags/4x3/pn.svg]
[getbootstrapadmin.com/remark/global/vendor/flag-icon-css/flags/1x1/pn.svg]
[getbootstrapadmin.com/remark/global/vendor/flag-icon-css/flags/4x3/pr.svg]
[getbootstrapadmin.com/remark/global/vendor/flag-icon-css/flags/1x1/pr.svg]
[getbootstrapadmin.com/remark/global/vendor/flag-icon-css/flags/4x3/ps.svg]
[getbootstrapadmin.com/remark/global/vendor/flag-icon-css/flags/1x1/ps.svg]
[getbootstrapadmin.com/remark/global/vendor/flag-icon-css/flags/4x3/pt.svg]
[getbootstrapadmin.com/remark/global/vendor/flag-icon-css/flags/1x1/pt.svg]
[getbootstrapadmin.com/remark/global/vendor/flag-icon-css/flags/4x3/pw.svg]
[getbootstrapadmin.com/remark/global/vendor/flag-icon-css/flags/1x1/pw.svg]
[getbootstrapadmin.com/remark/global/vendor/flag-icon-css/flags/4x3/py.svg]
[getbootstrapadmin.com/remark/global/vendor/flag-icon-css/flags/1x1/py.svg]
[getbootstrapadmin.com/remark/global/vendor/flag-icon-css/flags/4x3/qa.svg]
[getbootstrapadmin.com/remark/global/vendor/flag-icon-css/flags/1x1/qa.svg]
[getbootstrapadmin.com/remark/global/vendor/flag-icon-css/flags/4x3/re.svg]
[getbootstrapadmin.com/remark/global/vendor/flag-icon-css/flags/1x1/re.svg]
[getbootstrapadmin.com/remark/global/vendor/flag-icon-css/flags/4x3/ro.svg]
[getbootstrapadmin.com/remark/global/vendor/flag-icon-css/flags/1x1/ro.svg]
[getbootstrapadmin.com/remark/global/vendor/flag-icon-css/flags/4x3/rs.svg]
[getbootstrapadmin.com/remark/global/vendor/flag-icon-css/flags/1x1/rs.svg]
[getbootstrapadmin.com/remark/global/vendor/flag-icon-css/flags/4x3/ru.svg]
[getbootstrapadmin.com/remark/global/vendor/flag-icon-css/flags/1x1/ru.svg]
[getbootstrapadmin.com/remark/global/vendor/flag-icon-css/flags/4x3/rw.svg]
[getbootstrapadmin.com/remark/global/vendor/flag-icon-css/flags/1x1/rw.svg]
[getbootstrapadmin.com/remark/global/vendor/flag-icon-css/flags/4x3/sa.svg]
[getbootstrapadmin.com/remark/global/vendor/flag-icon-css/flags/1x1/sa.svg]
[getbootstrapadmin.com/remark/global/vendor/flag-icon-css/flags/4x3/sb.svg]
[getbootstrapadmin.com/remark/global/vendor/flag-icon-css/flags/1x1/sb.svg]
[getbootstrapadmin.com/remark/global/vendor/flag-icon-css/flags/4x3/sc.svg]
[getbootstrapadmin.com/remark/global/vendor/flag-icon-css/flags/1x1/sc.svg]
[getbootstrapadmin.com/remark/global/vendor/flag-icon-css/flags/4x3/sd.svg]
[getbootstrapadmin.com/remark/global/vendor/flag-icon-css/flags/1x1/sd.svg]
[getbootstrapadmin.com/remark/global/vendor/flag-icon-css/flags/4x3/se.svg]
[getbootstrapadmin.com/remark/global/vendor/flag-icon-css/flags/1x1/se.svg]
[getbootstrapadmin.com/remark/global/vendor/flag-icon-css/flags/4x3/sg.svg]
[getbootstrapadmin.com/remark/global/vendor/flag-icon-css/flags/1x1/sg.svg]
[getbootstrapadmin.com/remark/global/vendor/flag-icon-css/flags/4x3/sh.svg]
[getbootstrapadmin.com/remark/global/vendor/flag-icon-css/flags/1x1/sh.svg]
[getbootstrapadmin.com/remark/global/vendor/flag-icon-css/flags/4x3/si.svg]
[getbootstrapadmin.com/remark/global/vendor/flag-icon-css/flags/1x1/si.svg]
[getbootstrapadmin.com/remark/global/vendor/flag-icon-css/flags/4x3/sj.svg]
[getbootstrapadmin.com/remark/global/vendor/flag-icon-css/flags/1x1/sj.svg]
[getbootstrapadmin.com/remark/global/vendor/flag-icon-css/flags/4x3/sk.svg]
[getbootstrapadmin.com/remark/global/vendor/flag-icon-css/flags/1x1/sk.svg]
[getbootstrapadmin.com/remark/global/vendor/flag-icon-css/flags/4x3/sl.svg]
[getbootstrapadmin.com/remark/global/vendor/flag-icon-css/flags/1x1/sl.svg]
[getbootstrapadmin.com/remark/global/vendor/flag-icon-css/flags/4x3/sm.svg]
[getbootstrapadmin.com/remark/global/vendor/flag-icon-css/flags/1x1/sm.svg]
[getbootstrapadmin.com/remark/global/vendor/flag-icon-css/flags/4x3/sn.svg]
[getbootstrapadmin.com/remark/global/vendor/flag-icon-css/flags/1x1/sn.svg]
[getbootstrapadmin.com/remark/global/vendor/flag-icon-css/flags/4x3/so.svg]
[getbootstrapadmin.com/remark/global/vendor/flag-icon-css/flags/1x1/so.svg]
[getbootstrapadmin.com/remark/global/vendor/flag-icon-css/flags/4x3/sr.svg]
[getbootstrapadmin.com/remark/global/vendor/flag-icon-css/flags/1x1/sr.svg]
[getbootstrapadmin.com/remark/global/vendor/flag-icon-css/flags/4x3/ss.svg]
[getbootstrapadmin.com/remark/global/vendor/flag-icon-css/flags/1x1/ss.svg]
[getbootstrapadmin.com/remark/global/vendor/flag-icon-css/flags/4x3/st.svg]
[getbootstrapadmin.com/remark/global/vendor/flag-icon-css/flags/1x1/st.svg]
[getbootstrapadmin.com/remark/global/vendor/flag-icon-css/flags/4x3/sv.svg]
[getbootstrapadmin.com/remark/global/vendor/flag-icon-css/flags/1x1/sv.svg]
[getbootstrapadmin.com/remark/global/vendor/flag-icon-css/flags/4x3/sx.svg]
[getbootstrapadmin.com/remark/global/vendor/flag-icon-css/flags/1x1/sx.svg]
[getbootstrapadmin.com/remark/global/vendor/flag-icon-css/flags/4x3/sy.svg]
[getbootstrapadmin.com/remark/global/vendor/flag-icon-css/flags/1x1/sy.svg]
[getbootstrapadmin.com/remark/global/vendor/flag-icon-css/flags/4x3/sz.svg]
[getbootstrapadmin.com/remark/global/vendor/flag-icon-css/flags/1x1/sz.svg]
[getbootstrapadmin.com/remark/global/vendor/flag-icon-css/flags/4x3/tc.svg]
[getbootstrapadmin.com/remark/global/vendor/flag-icon-css/flags/1x1/tc.svg]
[getbootstrapadmin.com/remark/global/vendor/flag-icon-css/flags/4x3/td.svg]
[getbootstrapadmin.com/remark/global/vendor/flag-icon-css/flags/1x1/td.svg]
[getbootstrapadmin.com/remark/global/vendor/flag-icon-css/flags/4x3/tf.svg]
[getbootstrapadmin.com/remark/global/vendor/flag-icon-css/flags/1x1/tf.svg]
[getbootstrapadmin.com/remark/global/vendor/flag-icon-css/flags/4x3/tg.svg]
[getbootstrapadmin.com/remark/global/vendor/flag-icon-css/flags/1x1/tg.svg]
[getbootstrapadmin.com/remark/global/vendor/flag-icon-css/flags/4x3/th.svg]
[getbootstrapadmin.com/remark/global/vendor/flag-icon-css/flags/1x1/th.svg]
[getbootstrapadmin.com/remark/global/vendor/flag-icon-css/flags/4x3/tj.svg]
[getbootstrapadmin.com/remark/global/vendor/flag-icon-css/flags/1x1/tj.svg]
[getbootstrapadmin.com/remark/global/vendor/flag-icon-css/flags/4x3/tk.svg]
[getbootstrapadmin.com/remark/global/vendor/flag-icon-css/flags/1x1/tk.svg]
[getbootstrapadmin.com/remark/global/vendor/flag-icon-css/flags/4x3/tl.svg]
[getbootstrapadmin.com/remark/global/vendor/flag-icon-css/flags/1x1/tl.svg]
[getbootstrapadmin.com/remark/global/vendor/flag-icon-css/flags/4x3/tm.svg]
[getbootstrapadmin.com/remark/global/vendor/flag-icon-css/flags/1x1/tm.svg]
[getbootstrapadmin.com/remark/global/vendor/flag-icon-css/flags/4x3/tn.svg]
[getbootstrapadmin.com/remark/global/vendor/flag-icon-css/flags/1x1/tn.svg]
[getbootstrapadmin.com/remark/global/vendor/flag-icon-css/flags/4x3/to.svg]
[getbootstrapadmin.com/remark/global/vendor/flag-icon-css/flags/1x1/to.svg]
[getbootstrapadmin.com/remark/global/vendor/flag-icon-css/flags/4x3/tr.svg]
[getbootstrapadmin.com/remark/global/vendor/flag-icon-css/flags/1x1/tr.svg]
[getbootstrapadmin.com/remark/global/vendor/flag-icon-css/flags/4x3/tt.svg]
[getbootstrapadmin.com/remark/global/vendor/flag-icon-css/flags/1x1/tt.svg]
[getbootstrapadmin.com/remark/global/vendor/flag-icon-css/flags/4x3/tv.svg]
[getbootstrapadmin.com/remark/global/vendor/flag-icon-css/flags/1x1/tv.svg]
[getbootstrapadmin.com/remark/global/vendor/flag-icon-css/flags/4x3/tw.svg]
[getbootstrapadmin.com/remark/global/vendor/flag-icon-css/flags/1x1/tw.svg]
[getbootstrapadmin.com/remark/global/vendor/flag-icon-css/flags/4x3/tz.svg]
[getbootstrapadmin.com/remark/global/vendor/flag-icon-css/flags/1x1/tz.svg]
[getbootstrapadmin.com/remark/global/vendor/flag-icon-css/flags/4x3/ua.svg]
[getbootstrapadmin.com/remark/global/vendor/flag-icon-css/flags/1x1/ua.svg]
[getbootstrapadmin.com/remark/global/vendor/flag-icon-css/flags/4x3/ug.svg]
[getbootstrapadmin.com/remark/global/vendor/flag-icon-css/flags/1x1/ug.svg]
[getbootstrapadmin.com/remark/global/vendor/flag-icon-css/flags/4x3/um.svg]
[getbootstrapadmin.com/remark/global/vendor/flag-icon-css/flags/1x1/um.svg]
[getbootstrapadmin.com/remark/global/vendor/flag-icon-css/flags/4x3/us.svg]
[getbootstrapadmin.com/remark/global/vendor/flag-icon-css/flags/1x1/us.svg]
[getbootstrapadmin.com/remark/global/vendor/flag-icon-css/flags/4x3/uy.svg]
[getbootstrapadmin.com/remark/global/vendor/flag-icon-css/flags/1x1/uy.svg]
[getbootstrapadmin.com/remark/global/vendor/flag-icon-css/flags/4x3/uz.svg]
[getbootstrapadmin.com/remark/global/vendor/flag-icon-css/flags/1x1/uz.svg]
[getbootstrapadmin.com/remark/global/vendor/flag-icon-css/flags/4x3/va.svg]
[getbootstrapadmin.com/remark/global/vendor/flag-icon-css/flags/1x1/va.svg]
[getbootstrapadmin.com/remark/global/vendor/flag-icon-css/flags/4x3/vc.svg]
[getbootstrapadmin.com/remark/global/vendor/flag-icon-css/flags/1x1/vc.svg]
[getbootstrapadmin.com/remark/global/vendor/flag-icon-css/flags/4x3/ve.svg]
[getbootstrapadmin.com/remark/global/vendor/flag-icon-css/flags/1x1/ve.svg]
[getbootstrapadmin.com/remark/global/vendor/flag-icon-css/flags/4x3/vg.svg]
[getbootstrapadmin.com/remark/global/vendor/flag-icon-css/flags/1x1/vg.svg]
[getbootstrapadmin.com/remark/global/vendor/flag-icon-css/flags/4x3/vi.svg]
[getbootstrapadmin.com/remark/global/vendor/flag-icon-css/flags/1x1/vi.svg]
[getbootstrapadmin.com/remark/global/vendor/flag-icon-css/flags/4x3/vn.svg]
[getbootstrapadmin.com/remark/global/vendor/flag-icon-css/flags/1x1/vn.svg]
[getbootstrapadmin.com/remark/global/vendor/flag-icon-css/flags/4x3/vu.svg]
[getbootstrapadmin.com/remark/global/vendor/flag-icon-css/flags/1x1/vu.svg]
[getbootstrapadmin.com/remark/global/vendor/flag-icon-css/flags/4x3/wf.svg]
[getbootstrapadmin.com/remark/global/vendor/flag-icon-css/flags/1x1/wf.svg]
[getbootstrapadmin.com/remark/global/vendor/flag-icon-css/flags/4x3/ws.svg]
[getbootstrapadmin.com/remark/global/vendor/flag-icon-css/flags/1x1/ws.svg]
[getbootstrapadmin.com/remark/global/vendor/flag-icon-css/flags/4x3/ye.svg]
[getbootstrapadmin.com/remark/global/vendor/flag-icon-css/flags/1x1/ye.svg]
[getbootstrapadmin.com/remark/global/vendor/flag-icon-css/flags/4x3/yt.svg]
[getbootstrapadmin.com/remark/global/vendor/flag-icon-css/flags/1x1/yt.svg]
[getbootstrapadmin.com/remark/global/vendor/flag-icon-css/flags/4x3/za.svg]
[getbootstrapadmin.com/remark/global/vendor/flag-icon-css/flags/1x1/za.svg]
[getbootstrapadmin.com/remark/global/vendor/flag-icon-css/flags/4x3/zm.svg]
[getbootstrapadmin.com/remark/global/vendor/flag-icon-css/flags/1x1/zm.svg]
[getbootstrapadmin.com/remark/global/vendor/flag-icon-css/flags/4x3/zw.svg]
[getbootstrapadmin.com/remark/global/vendor/flag-icon-css/flags/1x1/zw.svg]
[getbootstrapadmin.com/remark/global/vendor/flag-icon-css/flags/4x3/eu.svg]
[getbootstrapadmin.com/remark/global/vendor/flag-icon-css/flags/1x1/eu.svg]
[getbootstrapadmin.com/remark/global/vendor/flag-icon-css/flags/4x3/gb-eng.svg]
[getbootstrapadmin.com/remark/global/vendor/flag-icon-css/flags/1x1/gb-eng.svg]
[getbootstrapadmin.com/remark/global/vendor/flag-icon-css/flags/4x3/gb-nir.svg]
[getbootstrapadmin.com/remark/global/vendor/flag-icon-css/flags/1x1/gb-nir.svg]
[getbootstrapadmin.com/remark/global/vendor/flag-icon-css/flags/4x3/gb-sct.svg]
[getbootstrapadmin.com/remark/global/vendor/flag-icon-css/flags/1x1/gb-sct.svg]
[getbootstrapadmin.com/remark/global/vendor/flag-icon-css/flags/4x3/gb-wls.svg]
[getbootstrapadmin.com/remark/global/vendor/flag-icon-css/flags/1x1/gb-wls.svg]
[getbootstrapadmin.com/remark/global/vendor/flag-icon-css/flags/4x3/un.svg]
[getbootstrapadmin.com/remark/global/vendor/flag-icon-css/flags/1x1/un.svg]
[getbootstrapadmin.com/remark/global/fonts/web-icons/web-icons2570.svg]
[getbootstrapadmin.com/remark/global/fonts/brand-icons/brand-icons70cf.svg]
[getbootstrapadmin.com/remark/global/fonts/font-awesome/font-awesome3e6e.svg]
[getbootstrapadmin.com/remark/base/assets/examples/css/tables/basic.min599c.css]
[getbootstrapadmin.com/remark/global/vendor/bootstrap-table/bootstrap-table.min599c.css]
[getbootstrapadmin.com/remark/global/vendor/floatthead/jquery.floatThead.min599c.css]
[getbootstrapadmin.com/remark/base/assets/examples/css/tables/floatthead.min599c.css]
[getbootstrapadmin.com/remark/global/vendor/tablesaw/tablesaw.min599c.css]
[getbootstrapadmin.com/remark/global/vendor/editable-table/editable-table.min599c.css]
[getbootstrapadmin.com/remark/global/vendor/jsgrid/jsgrid.min599c.css]
[getbootstrapadmin.com/remark/global/vendor/bootstrap-datepicker/bootstrap-datepicker.min599c.css]
[getbootstrapadmin.com/remark/base/assets/examples/css/tables/jsgrid.min599c.css]
[getbootstrapadmin.com/remark/global/vendor/footable/footable.core.min599c.css]
[getbootstrapadmin.com/remark/base/assets/examples/css/tables/footable.min599c.css]
[getbootstrapadmin.com/remark/global/vendor/jquery-tabledit/jquery-tabledit.min599c.css]
[getbootstrapadmin.com/remark/global/vendor/table-dragger/table-dragger.min599c.css]
